100.02.11 19:05 B c:\apache\htdocs\shoah-projekt\daten\wehrmacht\ausstellung\anschlag1.htm --> hoosier.naples.net /shoahproject/daten/wehrmacht/ausstellung anschlag1.htm
100.02.11 19:05 B c:\apache\htdocs\shoah-projekt\daten\wehrmacht\ausstellung\anschlag2.htm --> hoosier.naples.net /shoahproject/daten/wehrmacht/ausstellung anschlag2.htm
100.02.11 19:05 B c:\apache\htdocs\shoah-projekt\daten\wehrmacht\ausstellung\chronik.html --> hoosier.naples.net /shoahproject/daten/wehrmacht/ausstellung chronik.html
100.02.11 19:05 B c:\apache\htdocs\shoah-projekt\daten\wehrmacht\ausstellung\english.html --> hoosier.naples.net /shoahproject/daten/wehrmacht/ausstellung english.html
100.02.11 19:05 B c:\apache\htdocs\shoah-projekt\daten\wehrmacht\ausstellung\hs~english.html --> hoosier.naples.net /shoahproject/daten/wehrmacht/ausstellung hs~english.html
100.02.11 19:05 B c:\apache\htdocs\shoah-projekt\daten\wehrmacht\ausstellung\hs~prantlbuch.html --> hoosier.naples.net /shoahproject/daten/wehrmacht/ausstellung hs~prantlbuch.html
100.02.11 19:05 B c:\apache\htdocs\shoah-projekt\daten\wehrmacht\ausstellung\hs~szwehrind.htm --> hoosier.naples.net /shoahproject/daten/wehrmacht/ausstellung hs~szwehrind.htm
100.02.11 19:05 B c:\apache\htdocs\shoah-projekt\daten\wehrmacht\ausstellung\hs~tazverin2.html --> hoosier.naples.net /shoahproject/daten/wehrmacht/ausstellung hs~tazverin2.html
100.02.11 19:05 B c:\apache\htdocs\shoah-projekt\daten\wehrmacht\ausstellung\hs~tazzukunft.html --> hoosier.naples.net /shoahproject/daten/wehrmacht/ausstellung hs~tazzukunft.html
100.02.11 19:05 B c:\apache\htdocs\shoah-projekt\daten\wehrmacht\ausstellung\index.htm --> hoosier.naples.net /shoahproject/daten/wehrmacht/ausstellung index.htm
100.02.11 19:05 B c:\apache\htdocs\shoah-projekt\daten\wehrmacht\ausstellung\links.htm --> hoosier.naples.net /shoahproject/daten/wehrmacht/ausstellung links.htm
100.02.11 19:06 B c:\apache\htdocs\shoah-projekt\daten\wehrmacht\ausstellung\persilschein.html --> hoosier.naples.net /shoahproject/daten/wehrmacht/ausstellung persilschein.html
100.02.11 19:06 B c:\apache\htdocs\shoah-projekt\daten\wehrmacht\ausstellung\story04.html --> hoosier.naples.net /shoahproject/daten/wehrmacht/ausstellung story04.html
100.02.11 19:06 B c:\apache\htdocs\shoah-projekt\daten\wehrmacht\ausstellung\szwehrdisk.htm --> hoosier.naples.net /shoahproject/daten/wehrmacht/ausstellung szwehrdisk.htm
100.02.11 19:06 B c:\apache\htdocs\shoah-projekt\daten\wehrmacht\ausstellung\szwehreinlei.htm --> hoosier.naples.net /shoahproject/daten/wehrmacht/ausstellung szwehreinlei.htm
100.02.11 19:06 B c:\apache\htdocs\shoah-projekt\daten\wehrmacht\ausstellung\szwehrind.htm --> hoosier.naples.net /shoahproject/daten/wehrmacht/ausstellung szwehrind.htm
100.02.11 19:06 B c:\apache\htdocs\shoah-projekt\daten\wehrmacht\ausstellung\tazfeind.html --> hoosier.naples.net /shoahproject/daten/wehrmacht/ausstellung tazfeind.html
100.02.11 19:06 B c:\apache\htdocs\shoah-projekt\daten\wehrmacht\ausstellung\tazham.html --> hoosier.naples.net /shoahproject/daten/wehrmacht/ausstellung tazham.html
100.02.11 19:06 B c:\apache\htdocs\shoah-projekt\daten\wehrmacht\ausstellung\tazheer.html --> hoosier.naples.net /shoahproject/daten/wehrmacht/ausstellung tazheer.html
100.02.11 19:06 B c:\apache\htdocs\shoah-projekt\daten\wehrmacht\ausstellung\tazneonazi.html --> hoosier.naples.net /shoahproject/daten/wehrmacht/ausstellung tazneonazi.html
100.02.11 19:06 B c:\apache\htdocs\shoah-projekt\daten\wehrmacht\ausstellung\tazzukunft.html --> hoosier.naples.net /shoahproject/daten/wehrmacht/ausstellung tazzukunft.html
100.02.11 19:06 B c:\apache\htdocs\shoah-projekt\daten\wehrmacht\ausstellung\template.htm --> hoosier.naples.net /shoahproject/daten/wehrmacht/ausstellung template.htm
100.02.11 19:06 B c:\apache\htdocs\shoah-projekt\daten\wehrmacht\ausstellung\war1.htm --> hoosier.naples.net /shoahproject/daten/wehrmacht/ausstellung war1.htm
100.02.11 19:06 B c:\apache\htdocs\shoah-projekt\daten\wehrmacht\ausstellung\wehrinhalt.htm --> hoosier.naples.net /shoahproject/daten/wehrmacht/ausstellung wehrinhalt.htm
100.02.11 19:06 B c:\apache\htdocs\shoah-projekt\daten\wehrmacht\ausstellung\welt000623.html --> hoosier.naples.net /shoahproject/daten/wehrmacht/ausstellung welt000623.html
100.02.11 19:07 B c:\apache\htdocs\shoah-projekt\daten\wehrmacht\ausstellung\welt990605.htm --> hoosier.naples.net /shoahproject/daten/wehrmacht/ausstellung welt990605.htm
100.02.18 04:51 B c:\apache\htdocs\shoah-projekt\daten\wehrmacht\ausstellung\anschlag1.htm --> hoosier.naples.net /shoahproject/daten/wehrmacht/ausstellung anschlag1.htm
100.02.18 04:51 B c:\apache\htdocs\shoah-projekt\daten\wehrmacht\ausstellung\anschlag2.htm --> hoosier.naples.net /shoahproject/daten/wehrmacht/ausstellung anschlag2.htm
100.02.18 04:51 B c:\apache\htdocs\shoah-projekt\daten\wehrmacht\ausstellung\chronik.html --> hoosier.naples.net /shoahproject/daten/wehrmacht/ausstellung chronik.html
100.02.18 04:51 B c:\apache\htdocs\shoah-projekt\daten\wehrmacht\ausstellung\english.html --> hoosier.naples.net /shoahproject/daten/wehrmacht/ausstellung english.html
100.02.18 04:51 B c:\apache\htdocs\shoah-projekt\daten\wehrmacht\ausstellung\hs~english.html --> hoosier.naples.net /shoahproject/daten/wehrmacht/ausstellung hs~english.html
100.02.18 04:51 B c:\apache\htdocs\shoah-projekt\daten\wehrmacht\ausstellung\hs~prantlbuch.html --> hoosier.naples.net /shoahproject/daten/wehrmacht/ausstellung hs~prantlbuch.html
100.02.18 04:51 B c:\apache\htdocs\shoah-projekt\daten\wehrmacht\ausstellung\hs~szwehrind.htm --> hoosier.naples.net /shoahproject/daten/wehrmacht/ausstellung hs~szwehrind.htm
100.02.18 04:51 B c:\apache\htdocs\shoah-projekt\daten\wehrmacht\ausstellung\hs~tazverin2.html --> hoosier.naples.net /shoahproject/daten/wehrmacht/ausstellung hs~tazverin2.html
100.02.18 04:51 B c:\apache\htdocs\shoah-projekt\daten\wehrmacht\ausstellung\hs~tazzukunft.html --> hoosier.naples.net /shoahproject/daten/wehrmacht/ausstellung hs~tazzukunft.html
100.02.18 04:51 B c:\apache\htdocs\shoah-projekt\daten\wehrmacht\ausstellung\index.htm --> hoosier.naples.net /shoahproject/daten/wehrmacht/ausstellung index.htm
100.02.18 04:51 B c:\apache\htdocs\shoah-projekt\daten\wehrmacht\ausstellung\links.htm --> hoosier.naples.net /shoahproject/daten/wehrmacht/ausstellung links.htm
100.02.18 04:51 B c:\apache\htdocs\shoah-projekt\daten\wehrmacht\ausstellung\persilschein.html --> hoosier.naples.net /shoahproject/daten/wehrmacht/ausstellung persilschein.html
100.02.18 04:51 B c:\apache\htdocs\shoah-projekt\daten\wehrmacht\ausstellung\story04.html --> hoosier.naples.net /shoahproject/daten/wehrmacht/ausstellung story04.html
100.02.18 04:51 B c:\apache\htdocs\shoah-projekt\daten\wehrmacht\ausstellung\szwehrdisk.htm --> hoosier.naples.net /shoahproject/daten/wehrmacht/ausstellung szwehrdisk.htm
100.02.18 04:51 B c:\apache\htdocs\shoah-projekt\daten\wehrmacht\ausstellung\szwehreinlei.htm --> hoosier.naples.net /shoahproject/daten/wehrmacht/ausstellung szwehreinlei.htm
100.02.18 04:51 B c:\apache\htdocs\shoah-projekt\daten\wehrmacht\ausstellung\szwehrind.htm --> hoosier.naples.net /shoahproject/daten/wehrmacht/ausstellung szwehrind.htm
100.02.18 04:51 B c:\apache\htdocs\shoah-projekt\daten\wehrmacht\ausstellung\tazfeind.html --> hoosier.naples.net /shoahproject/daten/wehrmacht/ausstellung tazfeind.html
100.02.18 04:51 B c:\apache\htdocs\shoah-projekt\daten\wehrmacht\ausstellung\tazham.html --> hoosier.naples.net /shoahproject/daten/wehrmacht/ausstellung tazham.html
100.02.18 04:51 B c:\apache\htdocs\shoah-projekt\daten\wehrmacht\ausstellung\tazheer.html --> hoosier.naples.net /shoahproject/daten/wehrmacht/ausstellung tazheer.html
100.02.18 04:51 B c:\apache\htdocs\shoah-projekt\daten\wehrmacht\ausstellung\tazneonazi.html --> hoosier.naples.net /shoahproject/daten/wehrmacht/ausstellung tazneonazi.html
100.02.18 04:51 B c:\apache\htdocs\shoah-projekt\daten\wehrmacht\ausstellung\tazzukunft.html --> hoosier.naples.net /shoahproject/daten/wehrmacht/ausstellung tazzukunft.html
100.02.18 04:51 B c:\apache\htdocs\shoah-projekt\daten\wehrmacht\ausstellung\template.htm --> hoosier.naples.net /shoahproject/daten/wehrmacht/ausstellung template.htm
100.02.18 04:51 B c:\apache\htdocs\shoah-projekt\daten\wehrmacht\ausstellung\war1.htm --> hoosier.naples.net /shoahproject/daten/wehrmacht/ausstellung war1.htm
100.02.18 04:51 B c:\apache\htdocs\shoah-projekt\daten\wehrmacht\ausstellung\wehrinhalt.htm --> hoosier.naples.net /shoahproject/daten/wehrmacht/ausstellung wehrinhalt.htm
100.02.18 04:51 B c:\apache\htdocs\shoah-projekt\daten\wehrmacht\ausstellung\welt000623.html --> hoosier.naples.net /shoahproject/daten/wehrmacht/ausstellung welt000623.html
100.02.18 04:51 B c:\apache\htdocs\shoah-projekt\daten\wehrmacht\ausstellung\welt990605.htm --> hoosier.naples.net /shoahproject/daten/wehrmacht/ausstellung welt990605.htm
100.02.18 04:52 B c:\apache\htdocs\shoah-projekt\daten\wehrmacht\ausstellung\WS_FTP.LOG --> hoosier.naples.net /shoahproject/daten/wehrmacht/ausstellung WS_FTP.LOG
100.02.18 07:06 B c:\apache\htdocs\shoah-projekt\daten\wehrmacht\ausstellung\anschlag1.htm --> hoosier.naples.net /shoahproject/daten/wehrmacht/ausstellung anschlag1.htm
100.02.18 07:06 B c:\apache\htdocs\shoah-projekt\daten\wehrmacht\ausstellung\anschlag2.htm --> hoosier.naples.net /shoahproject/daten/wehrmacht/ausstellung anschlag2.htm
100.02.18 07:06 B c:\apache\htdocs\shoah-projekt\daten\wehrmacht\ausstellung\chronik.html --> hoosier.naples.net /shoahproject/daten/wehrmacht/ausstellung chronik.html
100.02.18 07:06 B c:\apache\htdocs\shoah-projekt\daten\wehrmacht\ausstellung\english.html --> hoosier.naples.net /shoahproject/daten/wehrmacht/ausstellung english.html
100.02.18 07:06 B c:\apache\htdocs\shoah-projekt\daten\wehrmacht\ausstellung\hs~english.html --> hoosier.naples.net /shoahproject/daten/wehrmacht/ausstellung hs~english.html
100.02.18 07:06 B c:\apache\htdocs\shoah-projekt\daten\wehrmacht\ausstellung\hs~prantlbuch.html --> hoosier.naples.net /shoahproject/daten/wehrmacht/ausstellung hs~prantlbuch.html
100.02.18 07:06 B c:\apache\htdocs\shoah-projekt\daten\wehrmacht\ausstellung\hs~szwehrind.htm --> hoosier.naples.net /shoahproject/daten/wehrmacht/ausstellung hs~szwehrind.htm
100.02.18 07:06 B c:\apache\htdocs\shoah-projekt\daten\wehrmacht\ausstellung\hs~tazverin2.html --> hoosier.naples.net /shoahproject/daten/wehrmacht/ausstellung hs~tazverin2.html
100.02.18 07:06 B c:\apache\htdocs\shoah-projekt\daten\wehrmacht\ausstellung\hs~tazzukunft.html --> hoosier.naples.net /shoahproject/daten/wehrmacht/ausstellung hs~tazzukunft.html
100.02.18 07:06 B c:\apache\htdocs\shoah-projekt\daten\wehrmacht\ausstellung\index.htm --> hoosier.naples.net /shoahproject/daten/wehrmacht/ausstellung index.htm
100.02.18 07:06 B c:\apache\htdocs\shoah-projekt\daten\wehrmacht\ausstellung\links.htm --> hoosier.naples.net /shoahproject/daten/wehrmacht/ausstellung links.htm
100.02.18 07:07 B c:\apache\htdocs\shoah-projekt\daten\wehrmacht\ausstellung\persilschein.html --> hoosier.naples.net /shoahproject/daten/wehrmacht/ausstellung persilschein.html
100.02.18 07:07 B c:\apache\htdocs\shoah-projekt\daten\wehrmacht\ausstellung\story04.html --> hoosier.naples.net /shoahproject/daten/wehrmacht/ausstellung story04.html
100.02.18 07:07 B c:\apache\htdocs\shoah-projekt\daten\wehrmacht\ausstellung\szwehrdisk.htm --> hoosier.naples.net /shoahproject/daten/wehrmacht/ausstellung szwehrdisk.htm
100.02.18 07:07 B c:\apache\htdocs\shoah-projekt\daten\wehrmacht\ausstellung\szwehreinlei.htm --> hoosier.naples.net /shoahproject/daten/wehrmacht/ausstellung szwehreinlei.htm
100.02.18 07:07 B c:\apache\htdocs\shoah-projekt\daten\wehrmacht\ausstellung\szwehrind.htm --> hoosier.naples.net /shoahproject/daten/wehrmacht/ausstellung szwehrind.htm
100.02.18 07:07 B c:\apache\htdocs\shoah-projekt\daten\wehrmacht\ausstellung\tazfeind.html --> hoosier.naples.net /shoahproject/daten/wehrmacht/ausstellung tazfeind.html
100.02.18 07:07 B c:\apache\htdocs\shoah-projekt\daten\wehrmacht\ausstellung\tazham.html --> hoosier.naples.net /shoahproject/daten/wehrmacht/ausstellung tazham.html
100.02.18 07:07 B c:\apache\htdocs\shoah-projekt\daten\wehrmacht\ausstellung\tazheer.html --> hoosier.naples.net /shoahproject/daten/wehrmacht/ausstellung tazheer.html
100.02.18 07:07 B c:\apache\htdocs\shoah-projekt\daten\wehrmacht\ausstellung\tazneonazi.html --> hoosier.naples.net /shoahproject/daten/wehrmacht/ausstellung tazneonazi.html
100.02.18 07:07 B c:\apache\htdocs\shoah-projekt\daten\wehrmacht\ausstellung\tazzukunft.html --> hoosier.naples.net /shoahproject/daten/wehrmacht/ausstellung tazzukunft.html
100.02.18 07:07 B c:\apache\htdocs\shoah-projekt\daten\wehrmacht\ausstellung\template.htm --> hoosier.naples.net /shoahproject/daten/wehrmacht/ausstellung template.htm
100.02.18 07:07 B c:\apache\htdocs\shoah-projekt\daten\wehrmacht\ausstellung\war1.htm --> hoosier.naples.net /shoahproject/daten/wehrmacht/ausstellung war1.htm
100.02.18 07:07 B c:\apache\htdocs\shoah-projekt\daten\wehrmacht\ausstellung\wehrinhalt.htm --> hoosier.naples.net /shoahproject/daten/wehrmacht/ausstellung wehrinhalt.htm
100.02.18 07:07 B c:\apache\htdocs\shoah-projekt\daten\wehrmacht\ausstellung\welt000623.html --> hoosier.naples.net /shoahproject/daten/wehrmacht/ausstellung welt000623.html
100.02.18 07:07 B c:\apache\htdocs\shoah-projekt\daten\wehrmacht\ausstellung\welt990605.htm --> hoosier.naples.net /shoahproject/daten/wehrmacht/ausstellung welt990605.htm
