100.02.11 19:00 B c:\apache\htdocs\shoah-projekt\daten\dachau\bay_a.htm --> hoosier.naples.net /shoahproject/daten/dachau bay_a.htm
100.02.11 19:00 B c:\apache\htdocs\shoah-projekt\daten\dachau\bild00.htm --> hoosier.naples.net /shoahproject/daten/dachau bild00.htm
100.02.11 19:00 B c:\apache\htdocs\shoah-projekt\daten\dachau\bild01.htm --> hoosier.naples.net /shoahproject/daten/dachau bild01.htm
100.02.11 19:00 B c:\apache\htdocs\shoah-projekt\daten\dachau\bild02.htm --> hoosier.naples.net /shoahproject/daten/dachau bild02.htm
100.02.11 19:00 B c:\apache\htdocs\shoah-projekt\daten\dachau\bild03.htm --> hoosier.naples.net /shoahproject/daten/dachau bild03.htm
100.02.11 19:00 B c:\apache\htdocs\shoah-projekt\daten\dachau\bild04.htm --> hoosier.naples.net /shoahproject/daten/dachau bild04.htm
100.02.11 19:00 B c:\apache\htdocs\shoah-projekt\daten\dachau\bild05.htm --> hoosier.naples.net /shoahproject/daten/dachau bild05.htm
100.02.11 19:00 B c:\apache\htdocs\shoah-projekt\daten\dachau\bild06.htm --> hoosier.naples.net /shoahproject/daten/dachau bild06.htm
100.02.11 19:00 B c:\apache\htdocs\shoah-projekt\daten\dachau\bild07.htm --> hoosier.naples.net /shoahproject/daten/dachau bild07.htm
100.02.11 19:00 B c:\apache\htdocs\shoah-projekt\daten\dachau\dachau00.htm --> hoosier.naples.net /shoahproject/daten/dachau dachau00.htm
100.02.11 19:00 B c:\apache\htdocs\shoah-projekt\daten\dachau\dachau01.htm --> hoosier.naples.net /shoahproject/daten/dachau dachau01.htm
100.02.11 19:00 B c:\apache\htdocs\shoah-projekt\daten\dachau\dachau02.htm --> hoosier.naples.net /shoahproject/daten/dachau dachau02.htm
100.02.11 19:00 B c:\apache\htdocs\shoah-projekt\daten\dachau\dachau03.htm --> hoosier.naples.net /shoahproject/daten/dachau dachau03.htm
100.02.11 19:00 B c:\apache\htdocs\shoah-projekt\daten\dachau\dachau04.htm --> hoosier.naples.net /shoahproject/daten/dachau dachau04.htm
100.02.11 19:00 B c:\apache\htdocs\shoah-projekt\daten\dachau\dachau05.htm --> hoosier.naples.net /shoahproject/daten/dachau dachau05.htm
100.02.11 19:00 B c:\apache\htdocs\shoah-projekt\daten\dachau\dachau06.htm --> hoosier.naples.net /shoahproject/daten/dachau dachau06.htm
100.02.11 19:00 B c:\apache\htdocs\shoah-projekt\daten\dachau\dachau07.htm --> hoosier.naples.net /shoahproject/daten/dachau dachau07.htm
100.02.11 19:00 B c:\apache\htdocs\shoah-projekt\daten\dachau\dachauidx.htm --> hoosier.naples.net /shoahproject/daten/dachau dachauidx.htm
100.02.11 19:00 B c:\apache\htdocs\shoah-projekt\daten\dachau\dachautitel.htm --> hoosier.naples.net /shoahproject/daten/dachau dachautitel.htm
100.02.18 04:48 B c:\apache\htdocs\shoah-projekt\daten\dachau\bay_a.htm --> hoosier.naples.net /shoahproject/daten/dachau bay_a.htm
100.02.18 04:48 B c:\apache\htdocs\shoah-projekt\daten\dachau\bild00.htm --> hoosier.naples.net /shoahproject/daten/dachau bild00.htm
100.02.18 04:48 B c:\apache\htdocs\shoah-projekt\daten\dachau\bild01.htm --> hoosier.naples.net /shoahproject/daten/dachau bild01.htm
100.02.18 04:48 B c:\apache\htdocs\shoah-projekt\daten\dachau\bild02.htm --> hoosier.naples.net /shoahproject/daten/dachau bild02.htm
100.02.18 04:48 B c:\apache\htdocs\shoah-projekt\daten\dachau\bild03.htm --> hoosier.naples.net /shoahproject/daten/dachau bild03.htm
100.02.18 04:48 B c:\apache\htdocs\shoah-projekt\daten\dachau\bild04.htm --> hoosier.naples.net /shoahproject/daten/dachau bild04.htm
100.02.18 04:48 B c:\apache\htdocs\shoah-projekt\daten\dachau\bild05.htm --> hoosier.naples.net /shoahproject/daten/dachau bild05.htm
100.02.18 04:48 B c:\apache\htdocs\shoah-projekt\daten\dachau\bild06.htm --> hoosier.naples.net /shoahproject/daten/dachau bild06.htm
100.02.18 04:48 B c:\apache\htdocs\shoah-projekt\daten\dachau\bild07.htm --> hoosier.naples.net /shoahproject/daten/dachau bild07.htm
100.02.18 04:48 B c:\apache\htdocs\shoah-projekt\daten\dachau\dachau00.htm --> hoosier.naples.net /shoahproject/daten/dachau dachau00.htm
100.02.18 04:48 B c:\apache\htdocs\shoah-projekt\daten\dachau\dachau01.htm --> hoosier.naples.net /shoahproject/daten/dachau dachau01.htm
100.02.18 04:48 B c:\apache\htdocs\shoah-projekt\daten\dachau\dachau02.htm --> hoosier.naples.net /shoahproject/daten/dachau dachau02.htm
100.02.18 04:48 B c:\apache\htdocs\shoah-projekt\daten\dachau\dachau03.htm --> hoosier.naples.net /shoahproject/daten/dachau dachau03.htm
100.02.18 04:48 B c:\apache\htdocs\shoah-projekt\daten\dachau\dachau04.htm --> hoosier.naples.net /shoahproject/daten/dachau dachau04.htm
100.02.18 04:48 B c:\apache\htdocs\shoah-projekt\daten\dachau\dachau05.htm --> hoosier.naples.net /shoahproject/daten/dachau dachau05.htm
100.02.18 04:48 B c:\apache\htdocs\shoah-projekt\daten\dachau\dachau06.htm --> hoosier.naples.net /shoahproject/daten/dachau dachau06.htm
100.02.18 04:48 B c:\apache\htdocs\shoah-projekt\daten\dachau\dachau07.htm --> hoosier.naples.net /shoahproject/daten/dachau dachau07.htm
100.02.18 04:48 B c:\apache\htdocs\shoah-projekt\daten\dachau\dachauidx.htm --> hoosier.naples.net /shoahproject/daten/dachau dachauidx.htm
100.02.18 04:48 B c:\apache\htdocs\shoah-projekt\daten\dachau\dachautitel.htm --> hoosier.naples.net /shoahproject/daten/dachau dachautitel.htm
100.02.18 04:48 B c:\apache\htdocs\shoah-projekt\daten\dachau\WS_FTP.LOG --> hoosier.naples.net /shoahproject/daten/dachau WS_FTP.LOG
100.02.18 07:03 B c:\apache\htdocs\shoah-projekt\daten\dachau\bay_a.htm --> hoosier.naples.net /shoahproject/daten/dachau bay_a.htm
100.02.18 07:03 B c:\apache\htdocs\shoah-projekt\daten\dachau\bild00.htm --> hoosier.naples.net /shoahproject/daten/dachau bild00.htm
100.02.18 07:03 B c:\apache\htdocs\shoah-projekt\daten\dachau\bild01.htm --> hoosier.naples.net /shoahproject/daten/dachau bild01.htm
100.02.18 07:03 B c:\apache\htdocs\shoah-projekt\daten\dachau\bild02.htm --> hoosier.naples.net /shoahproject/daten/dachau bild02.htm
100.02.18 07:03 B c:\apache\htdocs\shoah-projekt\daten\dachau\bild03.htm --> hoosier.naples.net /shoahproject/daten/dachau bild03.htm
100.02.18 07:03 B c:\apache\htdocs\shoah-projekt\daten\dachau\bild04.htm --> hoosier.naples.net /shoahproject/daten/dachau bild04.htm
100.02.18 07:03 B c:\apache\htdocs\shoah-projekt\daten\dachau\bild05.htm --> hoosier.naples.net /shoahproject/daten/dachau bild05.htm
100.02.18 07:03 B c:\apache\htdocs\shoah-projekt\daten\dachau\bild06.htm --> hoosier.naples.net /shoahproject/daten/dachau bild06.htm
100.02.18 07:03 B c:\apache\htdocs\shoah-projekt\daten\dachau\bild07.htm --> hoosier.naples.net /shoahproject/daten/dachau bild07.htm
100.02.18 07:03 B c:\apache\htdocs\shoah-projekt\daten\dachau\dachau00.htm --> hoosier.naples.net /shoahproject/daten/dachau dachau00.htm
100.02.18 07:03 B c:\apache\htdocs\shoah-projekt\daten\dachau\dachau01.htm --> hoosier.naples.net /shoahproject/daten/dachau dachau01.htm
100.02.18 07:03 B c:\apache\htdocs\shoah-projekt\daten\dachau\dachau02.htm --> hoosier.naples.net /shoahproject/daten/dachau dachau02.htm
100.02.18 07:04 B c:\apache\htdocs\shoah-projekt\daten\dachau\dachau03.htm --> hoosier.naples.net /shoahproject/daten/dachau dachau03.htm
100.02.18 07:04 B c:\apache\htdocs\shoah-projekt\daten\dachau\dachau04.htm --> hoosier.naples.net /shoahproject/daten/dachau dachau04.htm
100.02.18 07:04 B c:\apache\htdocs\shoah-projekt\daten\dachau\dachau05.htm --> hoosier.naples.net /shoahproject/daten/dachau dachau05.htm
100.02.18 07:04 B c:\apache\htdocs\shoah-projekt\daten\dachau\dachau06.htm --> hoosier.naples.net /shoahproject/daten/dachau dachau06.htm
100.02.18 07:04 B c:\apache\htdocs\shoah-projekt\daten\dachau\dachau07.htm --> hoosier.naples.net /shoahproject/daten/dachau dachau07.htm
100.02.18 07:04 B c:\apache\htdocs\shoah-projekt\daten\dachau\dachauidx.htm --> hoosier.naples.net /shoahproject/daten/dachau dachauidx.htm
100.02.18 07:04 B c:\apache\htdocs\shoah-projekt\daten\dachau\dachautitel.htm --> hoosier.naples.net /shoahproject/daten/dachau dachautitel.htm
