100.02.16 10:29 B c:\apache\htdocs\shoah-projekt\literatur\biblio\biblioinex.htm --> hoosier.naples.net /shoahproject/literatur/biblio biblioinex.htm
100.02.16 10:29 B c:\apache\htdocs\shoah-projekt\literatur\biblio\litantisem.htm --> hoosier.naples.net /shoahproject/literatur/biblio litantisem.htm
100.02.16 10:29 B c:\apache\htdocs\shoah-projekt\literatur\biblio\litau.htm --> hoosier.naples.net /shoahproject/literatur/biblio litau.htm
100.02.16 10:29 B c:\apache\htdocs\shoah-projekt\literatur\biblio\litge3345.htm --> hoosier.naples.net /shoahproject/literatur/biblio litge3345.htm
100.02.16 10:29 B c:\apache\htdocs\shoah-projekt\literatur\biblio\litjustiz.htm --> hoosier.naples.net /shoahproject/literatur/biblio litjustiz.htm
100.02.16 10:29 B c:\apache\htdocs\shoah-projekt\literatur\biblio\litjuverf.htm --> hoosier.naples.net /shoahproject/literatur/biblio litjuverf.htm
100.02.16 10:29 B c:\apache\htdocs\shoah-projekt\literatur\biblio\litjuvern.htm --> hoosier.naples.net /shoahproject/literatur/biblio litjuvern.htm
100.02.16 10:29 B c:\apache\htdocs\shoah-projekt\literatur\biblio\litkz.htm --> hoosier.naples.net /shoahproject/literatur/biblio litkz.htm
100.02.16 10:29 B c:\apache\htdocs\shoah-projekt\literatur\biblio\litwehr.htm --> hoosier.naples.net /shoahproject/literatur/biblio litwehr.htm
100.02.16 10:29 B c:\apache\htdocs\shoah-projekt\literatur\biblio\litwr.htm --> hoosier.naples.net /shoahproject/literatur/biblio litwr.htm
100.02.17 08:41 B c:\apache\htdocs\shoah-projekt\literatur\biblio\litkz.htm --> hoosier.naples.net /shoahproject/literatur/biblio litkz.htm
100.02.18 07:48 B c:\apache\htdocs\shoah-projekt\literatur\biblio\biblioinex.htm --> hoosier.naples.net /shoahproject/literatur/biblio biblioinex.htm
100.02.18 07:48 B c:\apache\htdocs\shoah-projekt\literatur\biblio\litantisem.htm --> hoosier.naples.net /shoahproject/literatur/biblio litantisem.htm
100.02.18 07:48 B c:\apache\htdocs\shoah-projekt\literatur\biblio\litau.htm --> hoosier.naples.net /shoahproject/literatur/biblio litau.htm
100.02.18 07:48 B c:\apache\htdocs\shoah-projekt\literatur\biblio\litge3345.htm --> hoosier.naples.net /shoahproject/literatur/biblio litge3345.htm
100.02.18 07:48 B c:\apache\htdocs\shoah-projekt\literatur\biblio\litjustiz.htm --> hoosier.naples.net /shoahproject/literatur/biblio litjustiz.htm
100.02.18 07:48 B c:\apache\htdocs\shoah-projekt\literatur\biblio\litjuverf.htm --> hoosier.naples.net /shoahproject/literatur/biblio litjuverf.htm
100.02.18 07:48 B c:\apache\htdocs\shoah-projekt\literatur\biblio\litjuvern.htm --> hoosier.naples.net /shoahproject/literatur/biblio litjuvern.htm
100.02.18 07:48 B c:\apache\htdocs\shoah-projekt\literatur\biblio\litkz.htm --> hoosier.naples.net /shoahproject/literatur/biblio litkz.htm
100.02.18 07:48 B c:\apache\htdocs\shoah-projekt\literatur\biblio\litwehr.htm --> hoosier.naples.net /shoahproject/literatur/biblio litwehr.htm
100.02.18 07:48 B c:\apache\htdocs\shoah-projekt\literatur\biblio\litwr.htm --> hoosier.naples.net /shoahproject/literatur/biblio litwr.htm
