99.06.30 21:59 B c:\shoah-projekt\personen\annefrank\cover\310076711x_m.gif --> webserver.infostar.de /d:/www.shoahproject.org/personen/annefrank/cover 310076711x_m.gif
99.06.30 21:59 B c:\shoah-projekt\personen\annefrank\cover\3423780584.html --> webserver.infostar.de /d:/www.shoahproject.org/personen/annefrank/cover 3423780584.html
99.06.30 21:59 B c:\shoah-projekt\personen\annefrank\cover\3423780584_l.gif --> webserver.infostar.de /d:/www.shoahproject.org/personen/annefrank/cover 3423780584_l.gif
99.06.30 21:59 B c:\shoah-projekt\personen\annefrank\cover\3423780584_m.gif --> webserver.infostar.de /d:/www.shoahproject.org/personen/annefrank/cover 3423780584_m.gif
99.06.30 21:59 B c:\shoah-projekt\personen\annefrank\cover\3453045734_m.gif --> webserver.infostar.de /d:/www.shoahproject.org/personen/annefrank/cover 3453045734_m.gif
99.06.30 21:59 B c:\shoah-projekt\personen\annefrank\cover\3453083237_m.gif --> webserver.infostar.de /d:/www.shoahproject.org/personen/annefrank/cover 3453083237_m.gif
99.06.30 22:00 B c:\shoah-projekt\personen\annefrank\cover\3473351857_m.gif --> webserver.infostar.de /d:/www.shoahproject.org/personen/annefrank/cover 3473351857_m.gif
99.06.30 22:00 B c:\shoah-projekt\personen\annefrank\cover\3546001516_m.gif --> webserver.infostar.de /d:/www.shoahproject.org/personen/annefrank/cover 3546001516_m.gif
99.06.30 22:00 B c:\shoah-projekt\personen\annefrank\cover\3596113776_m.gif --> webserver.infostar.de /d:/www.shoahproject.org/personen/annefrank/cover 3596113776_m.gif
99.06.30 22:00 B c:\shoah-projekt\personen\annefrank\cover\3596116163.html --> webserver.infostar.de /d:/www.shoahproject.org/personen/annefrank/cover 3596116163.html
99.06.30 22:00 B c:\shoah-projekt\personen\annefrank\cover\3596120969_m.gif --> webserver.infostar.de /d:/www.shoahproject.org/personen/annefrank/cover 3596120969_m.gif
99.06.30 22:00 B c:\shoah-projekt\personen\annefrank\cover\3596134870_m.gif --> webserver.infostar.de /d:/www.shoahproject.org/personen/annefrank/cover 3596134870_m.gif
99.06.30 22:00 B c:\shoah-projekt\personen\annefrank\cover\3612266209.html --> webserver.infostar.de /d:/www.shoahproject.org/personen/annefrank/cover 3612266209.html
99.06.30 22:00 B c:\shoah-projekt\personen\annefrank\cover\3612266209_m.gif --> webserver.infostar.de /d:/www.shoahproject.org/personen/annefrank/cover 3612266209_m.gif
99.06.30 22:00 B c:\shoah-projekt\personen\annefrank\cover\hs~3596116163.html --> webserver.infostar.de /d:/www.shoahproject.org/personen/annefrank/cover hs~3596116163.html
99.06.30 22:00 B c:\shoah-projekt\personen\annefrank\cover\pspbrwse.jbf --> webserver.infostar.de /d:/www.shoahproject.org/personen/annefrank/cover pspbrwse.jbf
99.06.30 22:00 B c:\shoah-projekt\personen\annefrank\cover\WS_FTP.LOG --> webserver.infostar.de /d:/www.shoahproject.org/personen/annefrank/cover WS_FTP.LOG
99.06.30 22:03 B c:\shoah-projekt\personen\annefrank\cover\3596116163_m.gif --> webserver.infostar.de /d:/www.shoahproject.org/personen/annefrank/cover 3596116163_m.gif
100.02.17 08:14 B c:\apache\htdocs\shoah-projekt\personen\annefrank\cover\310076711x_m.gif --> hoosier.naples.net /shoahproject/personen/annefrank/cover 310076711x_m.gif
100.02.17 08:15 B c:\apache\htdocs\shoah-projekt\personen\annefrank\cover\3423780584.html --> hoosier.naples.net /shoahproject/personen/annefrank/cover 3423780584.html
100.02.17 08:15 B c:\apache\htdocs\shoah-projekt\personen\annefrank\cover\3423780584_m.gif --> hoosier.naples.net /shoahproject/personen/annefrank/cover 3423780584_m.gif
100.02.17 08:15 B c:\apache\htdocs\shoah-projekt\personen\annefrank\cover\3453045734_m.gif --> hoosier.naples.net /shoahproject/personen/annefrank/cover 3453045734_m.gif
100.02.17 08:15 B c:\apache\htdocs\shoah-projekt\personen\annefrank\cover\3453083237_m.gif --> hoosier.naples.net /shoahproject/personen/annefrank/cover 3453083237_m.gif
100.02.17 08:15 B c:\apache\htdocs\shoah-projekt\personen\annefrank\cover\3473351857_m.gif --> hoosier.naples.net /shoahproject/personen/annefrank/cover 3473351857_m.gif
100.02.17 08:15 B c:\apache\htdocs\shoah-projekt\personen\annefrank\cover\3546001516_m.gif --> hoosier.naples.net /shoahproject/personen/annefrank/cover 3546001516_m.gif
100.02.17 08:15 B c:\apache\htdocs\shoah-projekt\personen\annefrank\cover\3596113776_m.gif --> hoosier.naples.net /shoahproject/personen/annefrank/cover 3596113776_m.gif
100.02.17 08:15 B c:\apache\htdocs\shoah-projekt\personen\annefrank\cover\3596116163.html --> hoosier.naples.net /shoahproject/personen/annefrank/cover 3596116163.html
100.02.17 08:15 B c:\apache\htdocs\shoah-projekt\personen\annefrank\cover\3596116163_m.gif --> hoosier.naples.net /shoahproject/personen/annefrank/cover 3596116163_m.gif
100.02.17 08:15 B c:\apache\htdocs\shoah-projekt\personen\annefrank\cover\3596120969_m.gif --> hoosier.naples.net /shoahproject/personen/annefrank/cover 3596120969_m.gif
100.02.17 08:15 B c:\apache\htdocs\shoah-projekt\personen\annefrank\cover\3596134870_m.gif --> hoosier.naples.net /shoahproject/personen/annefrank/cover 3596134870_m.gif
100.02.17 08:15 B c:\apache\htdocs\shoah-projekt\personen\annefrank\cover\3612266209.html --> hoosier.naples.net /shoahproject/personen/annefrank/cover 3612266209.html
100.02.17 08:15 B c:\apache\htdocs\shoah-projekt\personen\annefrank\cover\3612266209_m.gif --> hoosier.naples.net /shoahproject/personen/annefrank/cover 3612266209_m.gif
100.02.17 08:15 B c:\apache\htdocs\shoah-projekt\personen\annefrank\cover\pspbrwse.jbf --> hoosier.naples.net /shoahproject/personen/annefrank/cover pspbrwse.jbf
100.02.17 08:15 B c:\apache\htdocs\shoah-projekt\personen\annefrank\cover\WS_FTP.LOG --> hoosier.naples.net /shoahproject/personen/annefrank/cover WS_FTP.LOG
100.02.18 08:00 B c:\apache\htdocs\shoah-projekt\personen\annefrank\cover\310076711x_m.gif --> hoosier.naples.net /shoahproject/personen/annefrank/cover 310076711x_m.gif
100.02.18 08:00 B c:\apache\htdocs\shoah-projekt\personen\annefrank\cover\3423780584.html --> hoosier.naples.net /shoahproject/personen/annefrank/cover 3423780584.html
100.02.18 08:00 B c:\apache\htdocs\shoah-projekt\personen\annefrank\cover\3423780584_m.gif --> hoosier.naples.net /shoahproject/personen/annefrank/cover 3423780584_m.gif
100.02.18 08:00 B c:\apache\htdocs\shoah-projekt\personen\annefrank\cover\3453045734_m.gif --> hoosier.naples.net /shoahproject/personen/annefrank/cover 3453045734_m.gif
100.02.18 08:00 B c:\apache\htdocs\shoah-projekt\personen\annefrank\cover\3453083237_m.gif --> hoosier.naples.net /shoahproject/personen/annefrank/cover 3453083237_m.gif
100.02.18 08:00 B c:\apache\htdocs\shoah-projekt\personen\annefrank\cover\3473351857_m.gif --> hoosier.naples.net /shoahproject/personen/annefrank/cover 3473351857_m.gif
100.02.18 08:00 B c:\apache\htdocs\shoah-projekt\personen\annefrank\cover\3546001516_m.gif --> hoosier.naples.net /shoahproject/personen/annefrank/cover 3546001516_m.gif
100.02.18 08:00 B c:\apache\htdocs\shoah-projekt\personen\annefrank\cover\3596113776_m.gif --> hoosier.naples.net /shoahproject/personen/annefrank/cover 3596113776_m.gif
100.02.18 08:00 B c:\apache\htdocs\shoah-projekt\personen\annefrank\cover\3596116163.html --> hoosier.naples.net /shoahproject/personen/annefrank/cover 3596116163.html
100.02.18 08:00 B c:\apache\htdocs\shoah-projekt\personen\annefrank\cover\3596116163_m.gif --> hoosier.naples.net /shoahproject/personen/annefrank/cover 3596116163_m.gif
100.02.18 08:00 B c:\apache\htdocs\shoah-projekt\personen\annefrank\cover\3596120969_m.gif --> hoosier.naples.net /shoahproject/personen/annefrank/cover 3596120969_m.gif
100.02.18 08:01 B c:\apache\htdocs\shoah-projekt\personen\annefrank\cover\3596134870_m.gif --> hoosier.naples.net /shoahproject/personen/annefrank/cover 3596134870_m.gif
100.02.18 08:01 B c:\apache\htdocs\shoah-projekt\personen\annefrank\cover\3612266209.html --> hoosier.naples.net /shoahproject/personen/annefrank/cover 3612266209.html
100.02.18 08:01 B c:\apache\htdocs\shoah-projekt\personen\annefrank\cover\3612266209_m.gif --> hoosier.naples.net /shoahproject/personen/annefrank/cover 3612266209_m.gif
100.02.18 08:01 B c:\apache\htdocs\shoah-projekt\personen\annefrank\cover\pspbrwse.jbf --> hoosier.naples.net /shoahproject/personen/annefrank/cover pspbrwse.jbf
