99.12.11 13:13 B C:\apache\htdocs\bb\078971809X_01_MZZZZZZZ.gif --> hoosier.naples.net /birgittest/bb 078971809X_01_MZZZZZZZ.gif
99.12.11 13:13 B C:\apache\htdocs\bb\078971809X_01_TZZZZZZZ.gif --> hoosier.naples.net /birgittest/bb 078971809X_01_TZZZZZZZ.gif
99.12.11 13:13 B C:\apache\htdocs\bb\156205774X_01_MZZZZZZZ.gif --> hoosier.naples.net /birgittest/bb 156205774X_01_MZZZZZZZ.gif
99.12.11 13:13 B C:\apache\htdocs\bb\1568304331_01_MZZZZZZZ.gif --> hoosier.naples.net /birgittest/bb 1568304331_01_MZZZZZZZ.gif
99.12.11 13:13 B C:\apache\htdocs\bb\1888869097_01_MZZZZZZZ.gif --> hoosier.naples.net /birgittest/bb 1888869097_01_MZZZZZZZ.gif
99.12.11 13:13 B C:\apache\htdocs\bb\1books.cfm --> hoosier.naples.net /birgittest/bb 1books.cfm
99.12.11 13:13 B C:\apache\htdocs\bb\books.cfm --> hoosier.naples.net /birgittest/bb books.cfm
99.12.11 13:14 B C:\apache\htdocs\bb\books.mdb --> hoosier.naples.net /birgittest/bb books.mdb
99.12.11 13:14 B C:\apache\htdocs\bb\brform1.html --> hoosier.naples.net /birgittest/bb brform1.html
99.12.11 13:14 B C:\apache\htdocs\bb\insbook.cfm --> hoosier.naples.net /birgittest/bb insbook.cfm
99.12.11 13:14 B C:\apache\htdocs\bb\insbook.html --> hoosier.naples.net /birgittest/bb insbook.html
99.12.11 13:14 B C:\apache\htdocs\bb\president.cfm --> hoosier.naples.net /birgittest/bb president.cfm
99.12.11 13:14 B C:\apache\htdocs\bb\template.cfm --> hoosier.naples.net /birgittest/bb template.cfm
99.12.11 13:14 B C:\apache\htdocs\bb\webmaster.cfm --> hoosier.naples.net /birgittest/bb webmaster.cfm
99.12.14 16:35 B C:\apache\htdocs\bb\0380973464_01_MZZZZZZZ.gif --> hoosier.naples.net /birgittest/bb 0380973464_01_MZZZZZZZ.gif
99.12.14 16:48 B C:\apache\htdocs\bb\0380973464_01_MZZZZZZZ.gif <-- nfn hoosier /birgittest/bb 0380973464_01_MZZZZZZZ.gif
99.12.14 16:48 B C:\apache\htdocs\bb\0764505068_01_MZZZZZZZ.gif <-- nfn hoosier /birgittest/bb 0764505068_01_MZZZZZZZ.gif
99.12.14 16:48 B C:\apache\htdocs\bb\0764532197_01_MZZZZZZZ.gif <-- nfn hoosier /birgittest/bb 0764532197_01_MZZZZZZZ.gif
99.12.14 16:48 B C:\apache\htdocs\bb\0789716399_01_MZZZZZZZ.gif <-- nfn hoosier /birgittest/bb 0789716399_01_MZZZZZZZ.gif
99.12.14 16:48 B C:\apache\htdocs\bb\078971809X_01_MZZZZZZZ.gif <-- nfn hoosier /birgittest/bb 078971809X_01_MZZZZZZZ.gif
99.12.14 16:48 B C:\apache\htdocs\bb\078971809X_01_TZZZZZZZ.gif <-- nfn hoosier /birgittest/bb 078971809X_01_TZZZZZZZ.gif
99.12.14 16:48 B C:\apache\htdocs\bb\0802713432_01_MZZZZZZZ.gif <-- nfn hoosier /birgittest/bb 0802713432_01_MZZZZZZZ.gif
99.12.14 16:48 B C:\apache\htdocs\bb\100X30-b-logo.gif <-- nfn hoosier /birgittest/bb 100X30-b-logo.gif
99.12.14 16:48 B C:\apache\htdocs\bb\156205774X_01_MZZZZZZZ.gif <-- nfn hoosier /birgittest/bb 156205774X_01_MZZZZZZZ.gif
99.12.14 16:48 B C:\apache\htdocs\bb\156205810X_01_MZZZZZZZ.gif <-- nfn hoosier /birgittest/bb 156205810X_01_MZZZZZZZ.gif
99.12.14 16:48 B C:\apache\htdocs\bb\1565926005_01_MZZZZZZZ.gif <-- nfn hoosier /birgittest/bb 1565926005_01_MZZZZZZZ.gif
99.12.14 16:48 B C:\apache\htdocs\bb\1568304331_01_MZZZZZZZ.gif <-- nfn hoosier /birgittest/bb 1568304331_01_MZZZZZZZ.gif
99.12.14 16:48 B C:\apache\htdocs\bb\1888869097_01_MZZZZZZZ.gif <-- nfn hoosier /birgittest/bb 1888869097_01_MZZZZZZZ.gif
99.12.14 16:48 B C:\apache\htdocs\bb\1books.cfm <-- nfn hoosier /birgittest/bb 1books.cfm
99.12.14 16:48 B C:\apache\htdocs\bb\90X29-b-logo.gif <-- nfn hoosier /birgittest/bb 90X29-b-logo.gif
99.12.14 16:48 B C:\apache\htdocs\bb\a150X65w.gif <-- nfn hoosier /birgittest/bb a150X65w.gif
99.12.14 16:48 B C:\apache\htdocs\bb\bk20.gif <-- nfn hoosier /birgittest/bb bk20.gif
99.12.14 16:48 B C:\apache\htdocs\bb\books.cfm <-- nfn hoosier /birgittest/bb books.cfm
99.12.14 16:48 B C:\apache\htdocs\bb\brform1.html <-- nfn hoosier /birgittest/bb brform1.html
99.12.14 16:49 B C:\apache\htdocs\bb\change.cfm <-- nfn hoosier /birgittest/bb change.cfm
99.12.14 16:49 B C:\apache\htdocs\bb\default.cfm <-- nfn hoosier /birgittest/bb default.cfm
99.12.14 16:49 B C:\apache\htdocs\bb\edup.gif <-- nfn hoosier /birgittest/bb edup.gif
99.12.14 16:49 B C:\apache\htdocs\bb\find-books-now-148x50.gif <-- nfn hoosier /birgittest/bb find-books-now-148x50.gif
99.12.14 16:49 B C:\apache\htdocs\bb\foot.html <-- nfn hoosier /birgittest/bb foot.html
99.12.14 16:49 B C:\apache\htdocs\bb\head.html <-- nfn hoosier /birgittest/bb head.html
99.12.14 16:49 B C:\apache\htdocs\bb\hendheld.cfm <-- nfn hoosier /birgittest/bb hendheld.cfm
99.12.14 16:49 B C:\apache\htdocs\bb\insbook.cfm <-- nfn hoosier /birgittest/bb insbook.cfm
99.12.14 16:49 B C:\apache\htdocs\bb\insbook.html <-- nfn hoosier /birgittest/bb insbook.html
99.12.14 16:49 B C:\apache\htdocs\bb\insbooks.cfm <-- nfn hoosier /birgittest/bb insbooks.cfm
99.12.14 16:49 B C:\apache\htdocs\bb\insert.cfm <-- nfn hoosier /birgittest/bb insert.cfm
99.12.14 16:49 B C:\apache\htdocs\bb\links.html <-- nfn hoosier /birgittest/bb links.html
99.12.14 16:49 B C:\apache\htdocs\bb\logo-150x20.gif <-- nfn hoosier /birgittest/bb logo-150x20.gif
99.12.14 16:49 B C:\apache\htdocs\bb\maintain.cfm <-- nfn hoosier /birgittest/bb maintain.cfm
99.12.14 16:49 B C:\apache\htdocs\bb\maintain0.cfm <-- nfn hoosier /birgittest/bb maintain0.cfm
99.12.14 16:49 B C:\apache\htdocs\bb\maintain1.cfm <-- nfn hoosier /birgittest/bb maintain1.cfm
99.12.14 16:49 B C:\apache\htdocs\bb\mlinks.html <-- nfn hoosier /birgittest/bb mlinks.html
99.12.14 16:49 B C:\apache\htdocs\bb\newto.cfm <-- nfn hoosier /birgittest/bb newto.cfm
99.12.14 16:49 B C:\apache\htdocs\bb\pickday.cfm <-- nfn hoosier /birgittest/bb pickday.cfm
99.12.14 16:49 B C:\apache\htdocs\bb\president.cfm <-- nfn hoosier /birgittest/bb president.cfm
99.12.14 16:49 B C:\apache\htdocs\bb\template.cfm <-- nfn hoosier /birgittest/bb template.cfm
99.12.14 16:49 B C:\apache\htdocs\bb\templaterecom.cfm <-- nfn hoosier /birgittest/bb templaterecom.cfm
99.12.14 16:49 B C:\apache\htdocs\bb\test.cfm <-- nfn hoosier /birgittest/bb test.cfm
99.12.14 16:49 B C:\apache\htdocs\bb\webdesign.cfm <-- nfn hoosier /birgittest/bb webdesign.cfm
99.12.14 16:49 B C:\apache\htdocs\bb\webmaster.cfm <-- nfn hoosier /birgittest/bb webmaster.cfm
99.12.15 12:23 B C:\apache\htdocs\bb\a150X65w.gif --> hoosier.naples.net /birgittest a150X65w.gif
99.12.17 05:41 B C:\apache\htdocs\bb\books.mdb <-- nfn hoosier /birgittest/bb books.mdb
99.12.17 05:42 B C:\apache\htdocs\bb\webdesign.cfm <-- nfn hoosier /birgittest/bb webdesign.cfm
99.12.17 05:42 B C:\apache\htdocs\bb\pickday2.cfm <-- nfn hoosier /birgittest/bb pickday2.cfm
99.12.17 05:42 B C:\apache\htdocs\bb\pickday.cfm <-- nfn hoosier /birgittest/bb pickday.cfm
99.12.17 05:42 B C:\apache\htdocs\bb\newto.cfm <-- nfn hoosier /birgittest/bb newto.cfm
99.12.17 05:42 B C:\apache\htdocs\bb\mlinks.html <-- nfn hoosier /birgittest/bb mlinks.html
99.12.17 05:42 B C:\apache\htdocs\bb\maintain1.cfm <-- nfn hoosier /birgittest/bb maintain1.cfm
99.12.17 05:42 B C:\apache\htdocs\bb\maintain0.cfm <-- nfn hoosier /birgittest/bb maintain0.cfm
99.12.17 05:42 B C:\apache\htdocs\bb\maintain.cfm <-- nfn hoosier /birgittest/bb maintain.cfm
99.12.17 05:42 B C:\apache\htdocs\bb\insert.cfm <-- nfn hoosier /birgittest/bb insert.cfm
99.12.17 05:42 B C:\apache\htdocs\bb\insbooks.cfm <-- nfn hoosier /birgittest/bb insbooks.cfm
99.12.17 05:42 B C:\apache\htdocs\bb\insbook.cfm <-- nfn hoosier /birgittest/bb insbook.cfm
99.12.17 05:42 B C:\apache\htdocs\bb\hendheld.cfm <-- nfn hoosier /birgittest/bb hendheld.cfm
99.12.17 05:42 B C:\apache\htdocs\bb\default.cfm <-- nfn hoosier /birgittest/bb default.cfm
99.12.17 05:42 B C:\apache\htdocs\bb\change.cfm <-- nfn hoosier /birgittest/bb change.cfm
99.12.17 05:42 B C:\apache\htdocs\bb\books.cfm <-- nfn hoosier /birgittest/bb books.cfm
99.12.17 05:44 B C:\apache\htdocs\bb\books.mdb <-- nfn hoosier /DataBases books.mdb
99.12.23 06:57 B C:\apache\htdocs\bb\books.mdb --> hoosier.naples.net /DataBases books.mdb
99.12.23 06:58 B C:\apache\htdocs\bb\addbook.cfm --> hoosier.naples.net /NFNBooks addbook.cfm
99.12.23 06:58 B C:\apache\htdocs\bb\addbookcat.cfm --> hoosier.naples.net /NFNBooks addbookcat.cfm
99.12.23 06:58 B C:\apache\htdocs\bb\addbookcatins.cfm --> hoosier.naples.net /NFNBooks addbookcatins.cfm
99.12.23 06:58 B C:\apache\htdocs\bb\addbookins.cfm --> hoosier.naples.net /NFNBooks addbookins.cfm
99.12.23 06:58 B C:\apache\htdocs\bb\addcat.cfm --> hoosier.naples.net /NFNBooks addcat.cfm
99.12.23 06:58 B C:\apache\htdocs\bb\addcatins.cfm --> hoosier.naples.net /NFNBooks addcatins.cfm
99.12.23 06:58 B C:\apache\htdocs\bb\cat.cfm --> hoosier.naples.net /NFNBooks cat.cfm
99.12.23 06:58 B C:\apache\htdocs\bb\catname.cfm --> hoosier.naples.net /NFNBooks catname.cfm
99.12.23 06:58 B C:\apache\htdocs\bb\catsadd.cfm --> hoosier.naples.net /NFNBooks catsadd.cfm
99.12.23 06:58 B C:\apache\htdocs\bb\default.cfm --> hoosier.naples.net /NFNBooks default.cfm
99.12.23 06:58 B C:\apache\htdocs\bb\insbooks2.cfm --> hoosier.naples.net /NFNBooks insbooks2.cfm
99.12.23 06:58 B C:\apache\htdocs\bb\insert2.cfm --> hoosier.naples.net /NFNBooks insert2.cfm
99.12.23 06:58 B C:\apache\htdocs\bb\maintain.cfm --> hoosier.naples.net /NFNBooks maintain.cfm
99.12.23 06:58 B C:\apache\htdocs\bb\maintain0.cfm --> hoosier.naples.net /NFNBooks maintain0.cfm
99.12.23 06:59 B C:\apache\htdocs\bb\maintain1.cfm --> hoosier.naples.net /NFNBooks maintain1.cfm
99.12.23 06:59 B C:\apache\htdocs\bb\members.cfm --> hoosier.naples.net /NFNBooks members.cfm
99.12.23 06:59 B C:\apache\htdocs\bb\membersinn.cfm --> hoosier.naples.net /NFNBooks membersinn.cfm
99.12.23 06:59 B C:\apache\htdocs\bb\seeall.cfm --> hoosier.naples.net /NFNBooks seeall.cfm
99.12.23 07:44 B C:\apache\htdocs\bb\addbook.cfm --> hoosier.naples.net /NFNBooks addbook.cfm
99.12.23 07:46 B C:\apache\htdocs\bb\default.cfm --> hoosier.naples.net /NFNBooks default.cfm
99.12.26 03:50 B c:\apache\htdocs\bb\books.mdb <-- nfn hoosier /DataBases books.mdb
99.12.28 14:32 B c:\apache\htdocs\bb\addbook.cfm --> hoosier.naples.net /NFNBooks addbook.cfm
99.12.28 14:32 B c:\apache\htdocs\bb\addbookcat.cfm --> hoosier.naples.net /NFNBooks addbookcat.cfm
99.12.28 14:32 B c:\apache\htdocs\bb\addbookcatins.cfm --> hoosier.naples.net /NFNBooks addbookcatins.cfm
99.12.28 14:32 B c:\apache\htdocs\bb\addbookins.cfm --> hoosier.naples.net /NFNBooks addbookins.cfm
99.12.28 14:32 B c:\apache\htdocs\bb\addcat.cfm --> hoosier.naples.net /NFNBooks addcat.cfm
99.12.28 14:32 B c:\apache\htdocs\bb\addcatins.cfm --> hoosier.naples.net /NFNBooks addcatins.cfm
99.12.28 14:32 B c:\apache\htdocs\bb\book.cfm --> hoosier.naples.net /NFNBooks book.cfm
99.12.28 14:32 B c:\apache\htdocs\bb\book2k.mdb --> hoosier.naples.net /NFNBooks book2k.mdb
99.12.28 14:32 B c:\apache\htdocs\bb\addbook.cfm --> hoosier.naples.net /NFNBooks addbook.cfm
99.12.28 14:32 B c:\apache\htdocs\bb\addbookcat.cfm --> hoosier.naples.net /NFNBooks addbookcat.cfm
99.12.28 14:32 B c:\apache\htdocs\bb\addbookcatins.cfm --> hoosier.naples.net /NFNBooks addbookcatins.cfm
99.12.28 14:32 B c:\apache\htdocs\bb\addbookins.cfm --> hoosier.naples.net /NFNBooks addbookins.cfm
99.12.28 14:32 B c:\apache\htdocs\bb\addcat.cfm --> hoosier.naples.net /NFNBooks addcat.cfm
99.12.28 14:32 B c:\apache\htdocs\bb\addcatins.cfm --> hoosier.naples.net /NFNBooks addcatins.cfm
99.12.28 14:32 B c:\apache\htdocs\bb\book.cfm --> hoosier.naples.net /NFNBooks book.cfm
99.12.28 14:32 B c:\apache\htdocs\bb\bookmaint.cfm --> hoosier.naples.net /NFNBooks bookmaint.cfm
99.12.28 14:32 B c:\apache\htdocs\bb\bookupdate.cfm --> hoosier.naples.net /NFNBooks bookupdate.cfm
99.12.28 14:32 B c:\apache\htdocs\bb\cat.cfm --> hoosier.naples.net /NFNBooks cat.cfm
99.12.28 14:32 B c:\apache\htdocs\bb\default.cfm --> hoosier.naples.net /NFNBooks default.cfm
99.12.28 14:32 B c:\apache\htdocs\bb\seeall.cfm --> hoosier.naples.net /NFNBooks seeall.cfm
99.12.28 14:38 B c:\apache\htdocs\bb\books.mdb <-- nfn hoosier /DataBases books.mdb
99.12.28 14:41 B c:\apache\htdocs\bb\books.mdb --> hoosier.naples.net /DataBases books.mdb
99.12.28 14:46 B c:\apache\htdocs\bb\books.mdb --> hoosier.naples.net /DataBases books.mdb
99.12.28 15:17 B c:\apache\htdocs\bb\cat.cfm --> hoosier.naples.net /NFNBooks cat.cfm
99.12.28 15:46 B c:\apache\htdocs\bb\addbookcat.cfm --> hoosier.naples.net /NFNBooks addbookcat.cfm
99.12.28 15:50 B c:\apache\htdocs\bb\cat.cfm --> hoosier.naples.net /NFNBooks cat.cfm
99.12.28 15:51 B c:\apache\htdocs\bb\cat.cfm --> hoosier.naples.net /NFNBooks cat.cfm
99.12.28 15:57 B c:\apache\htdocs\bb\addcat.cfm --> hoosier.naples.net /NFNBooks addcat.cfm
99.12.28 15:58 B c:\apache\htdocs\bb\addcat.cfm --> hoosier.naples.net /NFNBooks addcat.cfm
99.12.28 18:03 B c:\apache\htdocs\bb\maintain1.cfm --> hoosier.naples.net /NFNBooks maintain1.cfm
99.12.28 18:04 B c:\apache\htdocs\bb\htmlins.cfm --> hoosier.naples.net /NFNBooks htmlins.cfm
99.12.28 18:04 B c:\apache\htdocs\bb\htmlmaintain.cfm --> hoosier.naples.net /NFNBooks htmlmaintain.cfm
99.12.28 18:04 B c:\apache\htdocs\bb\htmlnew.cfm --> hoosier.naples.net /NFNBooks htmlnew.cfm
99.12.28 18:04 B c:\apache\htdocs\bb\htmlshow.cfm --> hoosier.naples.net /NFNBooks htmlshow.cfm
99.12.28 18:04 B c:\apache\htdocs\bb\htmltemplate.cfm --> hoosier.naples.net /NFNBooks htmltemplate.cfm
99.12.28 18:04 B c:\apache\htdocs\bb\htmlupdate.cfm --> hoosier.naples.net /NFNBooks htmlupdate.cfm
99.12.28 18:22 B c:\apache\htdocs\bb\books.mdb <-- nfn hoosier /DataBases books.mdb
99.12.28 22:47 B c:\apache\htdocs\bb\default.cfm --> hoosier.naples.net /NFNBooks default.cfm
99.12.28 22:48 B c:\apache\htdocs\bb\cat.cfm --> hoosier.naples.net /NFNBooks cat.cfm
99.12.28 22:49 B c:\apache\htdocs\bb\seeall.cfm --> hoosier.naples.net /NFNBooks seeall.cfm
99.12.28 22:49 B c:\apache\htdocs\bb\delbook.cfm --> hoosier.naples.net /NFNBooks delbook.cfm
99.12.28 22:49 B c:\apache\htdocs\bb\book.cfm --> hoosier.naples.net /NFNBooks book.cfm
99.12.28 23:29 B c:\apache\htdocs\bb\books.mdb --> hoosier.naples.net /DataBases books.mdb
99.12.30 08:13 B c:\apache\htdocs\bb\books.mdb --> hoosier.naples.net /DataBases books.mdb
99.12.30 08:53 B c:\apache\htdocs\bb\add.cfm --> hoosier.naples.net /NFNBooks add.cfm
99.12.30 08:54 B c:\apache\htdocs\bb\cat.cfm --> hoosier.naples.net /NFNBooks cat.cfm
99.12.30 08:55 B c:\apache\htdocs\bb\book.cfm --> hoosier.naples.net /NFNBooks book.cfm
99.12.30 08:56 B c:\apache\htdocs\bb\bookmaint.cfm --> hoosier.naples.net /NFNBooks bookmaint.cfm
99.12.30 08:56 B c:\apache\htdocs\bb\bookupdate.cfm --> hoosier.naples.net /NFNBooks bookupdate.cfm
99.12.30 08:56 B c:\apache\htdocs\bb\htmlins.cfm --> hoosier.naples.net /NFNBooks htmlins.cfm
99.12.30 08:56 B c:\apache\htdocs\bb\htmlmaintain.cfm --> hoosier.naples.net /NFNBooks htmlmaintain.cfm
99.12.30 08:56 B c:\apache\htdocs\bb\htmlnew.cfm --> hoosier.naples.net /NFNBooks htmlnew.cfm
99.12.30 08:56 B c:\apache\htdocs\bb\htmlshow.cfm --> hoosier.naples.net /NFNBooks htmlshow.cfm
99.12.30 08:56 B c:\apache\htdocs\bb\htmltemplate.cfm --> hoosier.naples.net /NFNBooks htmltemplate.cfm
99.12.30 08:56 B c:\apache\htdocs\bb\htmlupdate.cfm --> hoosier.naples.net /NFNBooks htmlupdate.cfm
99.12.30 08:57 B c:\apache\htdocs\bb\maintain1.cfm --> hoosier.naples.net /NFNBooks maintain1.cfm
99.12.30 08:57 B c:\apache\htdocs\bb\nobookid.cfm --> hoosier.naples.net /NFNBooks nobookid.cfm
99.12.30 08:57 B c:\apache\htdocs\bb\seeall.cfm --> hoosier.naples.net /NFNBooks seeall.cfm
99.12.30 08:57 B c:\apache\htdocs\bb\updatebook.cfm --> hoosier.naples.net /NFNBooks updatebook.cfm
99.12.30 12:37 B c:\apache\htdocs\bb\catdel.cfm --> hoosier.naples.net /NFNBooks catdel.cfm
99.12.30 12:37 B c:\apache\htdocs\bb\catedit.cfm --> hoosier.naples.net /NFNBooks catedit.cfm
99.12.30 12:37 B c:\apache\htdocs\bb\catmaint.cfm --> hoosier.naples.net /NFNBooks catmaint.cfm
99.12.30 12:37 B c:\apache\htdocs\bb\catname.cfm --> hoosier.naples.net /NFNBooks catname.cfm
99.12.30 12:37 B c:\apache\htdocs\bb\catsadd.cfm --> hoosier.naples.net /NFNBooks catsadd.cfm
99.12.30 12:37 B c:\apache\htdocs\bb\cattest.cfm --> hoosier.naples.net /NFNBooks cattest.cfm
99.12.30 12:38 B c:\apache\htdocs\bb\catupd.cfm --> hoosier.naples.net /NFNBooks catupd.cfm
99.12.30 12:44 B c:\apache\htdocs\bb\catname.cfm --> hoosier.naples.net /NFNBooks catname.cfm
99.12.30 12:46 B c:\apache\htdocs\bb\addbook.cfm --> hoosier.naples.net /NFNBooks addbook.cfm
99.12.30 12:47 B c:\apache\htdocs\bb\add.cfm --> hoosier.naples.net /NFNBooks add.cfm
99.12.30 12:48 B c:\apache\htdocs\bb\cat.cfm --> hoosier.naples.net /NFNBooks cat.cfm
99.12.30 15:12 B c:\apache\htdocs\bb\books.mdb <-- nfn hoosier /DataBases books.mdb
100.01.06 18:28 B c:\apache\htdocs\bb\addins.cfm --> hoosier.naples.net /NFNBooks addins.cfm
100.01.11 21:51 B c:\apache\htdocs\bb\default.cfm --> hoosier.naples.net /NFNBooks default.cfm
100.01.11 21:51 B c:\apache\htdocs\bb\feedback.cfm --> hoosier.naples.net /NFNBooks feedback.cfm
100.01.11 21:51 B c:\apache\htdocs\bb\add.cfm --> hoosier.naples.net /NFNBooks add.cfm
100.01.13 09:07 B c:\apache\htdocs\bb\testdefault.cfm --> hoosier.naples.net /NFNBooks testdefault.cfm
100.01.13 09:07 B c:\apache\htdocs\bb\results.cfm --> hoosier.naples.net /NFNBooks results.cfm
100.01.13 09:08 B c:\apache\htdocs\bb\amazon.cfm --> hoosier.naples.net /NFNBooks amazon.cfm
100.01.15 08:38 B c:\apache\htdocs\bb\feedback.cfm --> hoosier.naples.net /NFNBooks feedback.cfm
100.01.18 10:49 B c:\apache\htdocs\bb\default.cfm --> hoosier.naples.net /NFNBooks default.cfm
100.01.19 17:42 B c:\apache\htdocs\bb\default.cfm --> hoosier.naples.net /NFNBooks default.cfm
100.02.16 10:26 B c:\apache\htdocs\shoah-projekt\literatur\bb\add.cfm --> hoosier.naples.net /shoahproject/literatur/bb add.cfm
100.02.16 10:26 B c:\apache\htdocs\shoah-projekt\literatur\bb\addbook.cfm --> hoosier.naples.net /shoahproject/literatur/bb addbook.cfm
100.02.16 10:26 B c:\apache\htdocs\shoah-projekt\literatur\bb\addins.cfm --> hoosier.naples.net /shoahproject/literatur/bb addins.cfm
100.02.16 10:27 B c:\apache\htdocs\shoah-projekt\literatur\bb\amazon.cfm --> hoosier.naples.net /shoahproject/literatur/bb amazon.cfm
100.02.16 10:27 B c:\apache\htdocs\shoah-projekt\literatur\bb\book.cfm --> hoosier.naples.net /shoahproject/literatur/bb book.cfm
100.02.16 10:27 B c:\apache\htdocs\shoah-projekt\literatur\bb\bookmaint.cfm --> hoosier.naples.net /shoahproject/literatur/bb bookmaint.cfm
100.02.16 10:27 B c:\apache\htdocs\shoah-projekt\literatur\bb\bookupdate.cfm --> hoosier.naples.net /shoahproject/literatur/bb bookupdate.cfm
100.02.16 10:27 B c:\apache\htdocs\shoah-projekt\literatur\bb\cat.cfm --> hoosier.naples.net /shoahproject/literatur/bb cat.cfm
100.02.16 10:27 B c:\apache\htdocs\shoah-projekt\literatur\bb\catdel.cfm --> hoosier.naples.net /shoahproject/literatur/bb catdel.cfm
100.02.16 10:27 B c:\apache\htdocs\shoah-projekt\literatur\bb\catedit.cfm --> hoosier.naples.net /shoahproject/literatur/bb catedit.cfm
100.02.16 10:27 B c:\apache\htdocs\shoah-projekt\literatur\bb\catmaint.cfm --> hoosier.naples.net /shoahproject/literatur/bb catmaint.cfm
100.02.16 10:27 B c:\apache\htdocs\shoah-projekt\literatur\bb\catname.cfm --> hoosier.naples.net /shoahproject/literatur/bb catname.cfm
100.02.16 10:27 B c:\apache\htdocs\shoah-projekt\literatur\bb\catupd.cfm --> hoosier.naples.net /shoahproject/literatur/bb catupd.cfm
100.02.16 10:27 B c:\apache\htdocs\shoah-projekt\literatur\bb\db1.mdb --> hoosier.naples.net /shoahproject/literatur/bb db1.mdb
100.02.16 10:27 B c:\apache\htdocs\shoah-projekt\literatur\bb\default.cfm --> hoosier.naples.net /shoahproject/literatur/bb default.cfm
100.02.16 10:27 B c:\apache\htdocs\shoah-projekt\literatur\bb\delbook.cfm --> hoosier.naples.net /shoahproject/literatur/bb delbook.cfm
100.02.16 10:27 B c:\apache\htdocs\shoah-projekt\literatur\bb\doku.cfm --> hoosier.naples.net /shoahproject/literatur/bb doku.cfm
100.02.16 10:27 B c:\apache\htdocs\shoah-projekt\literatur\bb\doku.txt --> hoosier.naples.net /shoahproject/literatur/bb doku.txt
100.02.16 10:27 B c:\apache\htdocs\shoah-projekt\literatur\bb\dokulayout.cfm --> hoosier.naples.net /shoahproject/literatur/bb dokulayout.cfm
100.02.16 10:27 B c:\apache\htdocs\shoah-projekt\literatur\bb\draws1.cfm --> hoosier.naples.net /shoahproject/literatur/bb draws1.cfm
100.02.16 10:28 B c:\apache\htdocs\shoah-projekt\literatur\bb\feedback.cfm --> hoosier.naples.net /shoahproject/literatur/bb feedback.cfm
100.02.16 10:28 B c:\apache\htdocs\shoah-projekt\literatur\bb\footspbb.cfm --> hoosier.naples.net /shoahproject/literatur/bb footspbb.cfm
100.02.16 10:28 B c:\apache\htdocs\shoah-projekt\literatur\bb\headspbb.cfm --> hoosier.naples.net /shoahproject/literatur/bb headspbb.cfm
100.02.16 10:28 B c:\apache\htdocs\shoah-projekt\literatur\bb\home.html --> hoosier.naples.net /shoahproject/literatur/bb home.html
100.02.16 10:28 B c:\apache\htdocs\shoah-projekt\literatur\bb\insert2.cfm --> hoosier.naples.net /shoahproject/literatur/bb insert2.cfm
100.02.16 10:28 B c:\apache\htdocs\shoah-projekt\literatur\bb\layouttest.cfm --> hoosier.naples.net /shoahproject/literatur/bb layouttest.cfm
100.02.16 10:28 B c:\apache\htdocs\shoah-projekt\literatur\bb\linkmaintian.cfm --> hoosier.naples.net /shoahproject/literatur/bb linkmaintian.cfm
100.02.16 10:28 B c:\apache\htdocs\shoah-projekt\literatur\bb\linkmaintian.htm --> hoosier.naples.net /shoahproject/literatur/bb linkmaintian.htm
100.02.16 10:28 B c:\apache\htdocs\shoah-projekt\literatur\bb\links.html --> hoosier.naples.net /shoahproject/literatur/bb links.html
100.02.16 10:28 B c:\apache\htdocs\shoah-projekt\literatur\bb\links2.cfm --> hoosier.naples.net /shoahproject/literatur/bb links2.cfm
100.02.16 10:28 B c:\apache\htdocs\shoah-projekt\literatur\bb\linkshomepage.cfm --> hoosier.naples.net /shoahproject/literatur/bb linkshomepage.cfm
100.02.16 10:28 B c:\apache\htdocs\shoah-projekt\literatur\bb\maintain.cfm --> hoosier.naples.net /shoahproject/literatur/bb maintain.cfm
100.02.16 10:28 B c:\apache\htdocs\shoah-projekt\literatur\bb\maintain1.cfm --> hoosier.naples.net /shoahproject/literatur/bb maintain1.cfm
100.02.16 10:28 B c:\apache\htdocs\shoah-projekt\literatur\bb\members.cfm --> hoosier.naples.net /shoahproject/literatur/bb members.cfm
100.02.16 10:28 B c:\apache\htdocs\shoah-projekt\literatur\bb\membersinn.cfm --> hoosier.naples.net /shoahproject/literatur/bb membersinn.cfm
100.02.16 10:28 B c:\apache\htdocs\shoah-projekt\literatur\bb\mlinks.html --> hoosier.naples.net /shoahproject/literatur/bb mlinks.html
100.02.16 10:28 B c:\apache\htdocs\shoah-projekt\literatur\bb\nobookid.cfm --> hoosier.naples.net /shoahproject/literatur/bb nobookid.cfm
100.02.16 10:28 B c:\apache\htdocs\shoah-projekt\literatur\bb\results.cfm --> hoosier.naples.net /shoahproject/literatur/bb results.cfm
100.02.16 10:28 B c:\apache\htdocs\shoah-projekt\literatur\bb\seeall.cfm --> hoosier.naples.net /shoahproject/literatur/bb seeall.cfm
100.02.16 10:28 B c:\apache\htdocs\shoah-projekt\literatur\bb\spbb.mdb --> hoosier.naples.net /shoahproject/literatur/bb spbb.mdb
100.02.16 10:28 B c:\apache\htdocs\shoah-projekt\literatur\bb\tainmain.cfm --> hoosier.naples.net /shoahproject/literatur/bb tainmain.cfm
100.02.16 10:28 B c:\apache\htdocs\shoah-projekt\literatur\bb\template.cfm --> hoosier.naples.net /shoahproject/literatur/bb template.cfm
100.02.16 10:28 B c:\apache\htdocs\shoah-projekt\literatur\bb\template2.cfm --> hoosier.naples.net /shoahproject/literatur/bb template2.cfm
100.02.16 10:28 B c:\apache\htdocs\shoah-projekt\literatur\bb\template2test.cfm --> hoosier.naples.net /shoahproject/literatur/bb template2test.cfm
100.02.16 10:28 B c:\apache\htdocs\shoah-projekt\literatur\bb\templaterecom.cfm --> hoosier.naples.net /shoahproject/literatur/bb templaterecom.cfm
100.02.16 10:28 B c:\apache\htdocs\shoah-projekt\literatur\bb\test.cfm --> hoosier.naples.net /shoahproject/literatur/bb test.cfm
100.02.16 10:29 B c:\apache\htdocs\shoah-projekt\literatur\bb\testbook.cfm --> hoosier.naples.net /shoahproject/literatur/bb testbook.cfm
100.02.16 10:29 B c:\apache\htdocs\shoah-projekt\literatur\bb\testcat.cfm --> hoosier.naples.net /shoahproject/literatur/bb testcat.cfm
100.02.16 10:29 B c:\apache\htdocs\shoah-projekt\literatur\bb\testcats.cfm --> hoosier.naples.net /shoahproject/literatur/bb testcats.cfm
100.02.16 10:29 B c:\apache\htdocs\shoah-projekt\literatur\bb\testdefault.cfm --> hoosier.naples.net /shoahproject/literatur/bb testdefault.cfm
100.02.16 10:29 B c:\apache\htdocs\shoah-projekt\literatur\bb\updatebook.cfm --> hoosier.naples.net /shoahproject/literatur/bb updatebook.cfm
100.02.16 10:29 B c:\apache\htdocs\shoah-projekt\literatur\bb\WS_FTP.LOG --> hoosier.naples.net /shoahproject/literatur/bb WS_FTP.LOG
100.02.18 07:46 B c:\apache\htdocs\shoah-projekt\literatur\bb\add.cfm --> hoosier.naples.net /shoahproject/literatur/bb add.cfm
100.02.18 07:46 B c:\apache\htdocs\shoah-projekt\literatur\bb\addbook.cfm --> hoosier.naples.net /shoahproject/literatur/bb addbook.cfm
100.02.18 07:46 B c:\apache\htdocs\shoah-projekt\literatur\bb\addins.cfm --> hoosier.naples.net /shoahproject/literatur/bb addins.cfm
100.02.18 07:46 B c:\apache\htdocs\shoah-projekt\literatur\bb\amazon.cfm --> hoosier.naples.net /shoahproject/literatur/bb amazon.cfm
100.02.18 07:46 B c:\apache\htdocs\shoah-projekt\literatur\bb\book.cfm --> hoosier.naples.net /shoahproject/literatur/bb book.cfm
100.02.18 07:46 B c:\apache\htdocs\shoah-projekt\literatur\bb\bookmaint.cfm --> hoosier.naples.net /shoahproject/literatur/bb bookmaint.cfm
100.02.18 07:46 B c:\apache\htdocs\shoah-projekt\literatur\bb\bookupdate.cfm --> hoosier.naples.net /shoahproject/literatur/bb bookupdate.cfm
100.02.18 07:46 B c:\apache\htdocs\shoah-projekt\literatur\bb\cat.cfm --> hoosier.naples.net /shoahproject/literatur/bb cat.cfm
100.02.18 07:46 B c:\apache\htdocs\shoah-projekt\literatur\bb\catdel.cfm --> hoosier.naples.net /shoahproject/literatur/bb catdel.cfm
100.02.18 07:46 B c:\apache\htdocs\shoah-projekt\literatur\bb\catedit.cfm --> hoosier.naples.net /shoahproject/literatur/bb catedit.cfm
100.02.18 07:46 B c:\apache\htdocs\shoah-projekt\literatur\bb\catmaint.cfm --> hoosier.naples.net /shoahproject/literatur/bb catmaint.cfm
100.02.18 07:46 B c:\apache\htdocs\shoah-projekt\literatur\bb\catname.cfm --> hoosier.naples.net /shoahproject/literatur/bb catname.cfm
100.02.18 07:46 B c:\apache\htdocs\shoah-projekt\literatur\bb\catupd.cfm --> hoosier.naples.net /shoahproject/literatur/bb catupd.cfm
100.02.18 07:47 B c:\apache\htdocs\shoah-projekt\literatur\bb\db1.mdb --> hoosier.naples.net /shoahproject/literatur/bb db1.mdb
100.02.18 07:47 B c:\apache\htdocs\shoah-projekt\literatur\bb\default.cfm --> hoosier.naples.net /shoahproject/literatur/bb default.cfm
100.02.18 07:47 B c:\apache\htdocs\shoah-projekt\literatur\bb\delbook.cfm --> hoosier.naples.net /shoahproject/literatur/bb delbook.cfm
100.02.18 07:47 B c:\apache\htdocs\shoah-projekt\literatur\bb\doku.cfm --> hoosier.naples.net /shoahproject/literatur/bb doku.cfm
100.02.18 07:47 B c:\apache\htdocs\shoah-projekt\literatur\bb\doku.txt --> hoosier.naples.net /shoahproject/literatur/bb doku.txt
100.02.18 07:47 B c:\apache\htdocs\shoah-projekt\literatur\bb\dokulayout.cfm --> hoosier.naples.net /shoahproject/literatur/bb dokulayout.cfm
100.02.18 07:47 B c:\apache\htdocs\shoah-projekt\literatur\bb\draws1.cfm --> hoosier.naples.net /shoahproject/literatur/bb draws1.cfm
100.02.18 07:47 B c:\apache\htdocs\shoah-projekt\literatur\bb\feedback.cfm --> hoosier.naples.net /shoahproject/literatur/bb feedback.cfm
100.02.18 07:47 B c:\apache\htdocs\shoah-projekt\literatur\bb\footspbb.cfm --> hoosier.naples.net /shoahproject/literatur/bb footspbb.cfm
100.02.18 07:47 B c:\apache\htdocs\shoah-projekt\literatur\bb\headspbb.cfm --> hoosier.naples.net /shoahproject/literatur/bb headspbb.cfm
100.02.18 07:47 B c:\apache\htdocs\shoah-projekt\literatur\bb\home.html --> hoosier.naples.net /shoahproject/literatur/bb home.html
100.02.18 07:47 B c:\apache\htdocs\shoah-projekt\literatur\bb\insert2.cfm --> hoosier.naples.net /shoahproject/literatur/bb insert2.cfm
100.02.18 07:47 B c:\apache\htdocs\shoah-projekt\literatur\bb\layouttest.cfm --> hoosier.naples.net /shoahproject/literatur/bb layouttest.cfm
100.02.18 07:47 B c:\apache\htdocs\shoah-projekt\literatur\bb\linkmaintian.cfm --> hoosier.naples.net /shoahproject/literatur/bb linkmaintian.cfm
100.02.18 07:47 B c:\apache\htdocs\shoah-projekt\literatur\bb\linkmaintian.htm --> hoosier.naples.net /shoahproject/literatur/bb linkmaintian.htm
100.02.18 07:47 B c:\apache\htdocs\shoah-projekt\literatur\bb\links.html --> hoosier.naples.net /shoahproject/literatur/bb links.html
100.02.18 07:47 B c:\apache\htdocs\shoah-projekt\literatur\bb\links2.cfm --> hoosier.naples.net /shoahproject/literatur/bb links2.cfm
100.02.18 07:47 B c:\apache\htdocs\shoah-projekt\literatur\bb\linkshomepage.cfm --> hoosier.naples.net /shoahproject/literatur/bb linkshomepage.cfm
100.02.18 07:47 B c:\apache\htdocs\shoah-projekt\literatur\bb\maintain.cfm --> hoosier.naples.net /shoahproject/literatur/bb maintain.cfm
100.02.18 07:47 B c:\apache\htdocs\shoah-projekt\literatur\bb\maintain1.cfm --> hoosier.naples.net /shoahproject/literatur/bb maintain1.cfm
100.02.18 07:47 B c:\apache\htdocs\shoah-projekt\literatur\bb\members.cfm --> hoosier.naples.net /shoahproject/literatur/bb members.cfm
100.02.18 07:47 B c:\apache\htdocs\shoah-projekt\literatur\bb\membersinn.cfm --> hoosier.naples.net /shoahproject/literatur/bb membersinn.cfm
100.02.18 07:47 B c:\apache\htdocs\shoah-projekt\literatur\bb\mlinks.html --> hoosier.naples.net /shoahproject/literatur/bb mlinks.html
100.02.18 07:47 B c:\apache\htdocs\shoah-projekt\literatur\bb\nobookid.cfm --> hoosier.naples.net /shoahproject/literatur/bb nobookid.cfm
100.02.18 07:47 B c:\apache\htdocs\shoah-projekt\literatur\bb\results.cfm --> hoosier.naples.net /shoahproject/literatur/bb results.cfm
100.02.18 07:47 B c:\apache\htdocs\shoah-projekt\literatur\bb\seeall.cfm --> hoosier.naples.net /shoahproject/literatur/bb seeall.cfm
100.02.18 07:48 B c:\apache\htdocs\shoah-projekt\literatur\bb\spbb.mdb --> hoosier.naples.net /shoahproject/literatur/bb spbb.mdb
100.02.18 07:48 B c:\apache\htdocs\shoah-projekt\literatur\bb\tainmain.cfm --> hoosier.naples.net /shoahproject/literatur/bb tainmain.cfm
100.02.18 07:48 B c:\apache\htdocs\shoah-projekt\literatur\bb\template.cfm --> hoosier.naples.net /shoahproject/literatur/bb template.cfm
100.02.18 07:48 B c:\apache\htdocs\shoah-projekt\literatur\bb\template2.cfm --> hoosier.naples.net /shoahproject/literatur/bb template2.cfm
100.02.18 07:48 B c:\apache\htdocs\shoah-projekt\literatur\bb\template2test.cfm --> hoosier.naples.net /shoahproject/literatur/bb template2test.cfm
100.02.18 07:48 B c:\apache\htdocs\shoah-projekt\literatur\bb\templaterecom.cfm --> hoosier.naples.net /shoahproject/literatur/bb templaterecom.cfm
100.02.18 07:48 B c:\apache\htdocs\shoah-projekt\literatur\bb\test.cfm --> hoosier.naples.net /shoahproject/literatur/bb test.cfm
100.02.18 07:48 B c:\apache\htdocs\shoah-projekt\literatur\bb\testbook.cfm --> hoosier.naples.net /shoahproject/literatur/bb testbook.cfm
100.02.18 07:48 B c:\apache\htdocs\shoah-projekt\literatur\bb\testcat.cfm --> hoosier.naples.net /shoahproject/literatur/bb testcat.cfm
100.02.18 07:48 B c:\apache\htdocs\shoah-projekt\literatur\bb\testcats.cfm --> hoosier.naples.net /shoahproject/literatur/bb testcats.cfm
100.02.18 07:48 B c:\apache\htdocs\shoah-projekt\literatur\bb\testdefault.cfm --> hoosier.naples.net /shoahproject/literatur/bb testdefault.cfm
100.02.18 07:48 B c:\apache\htdocs\shoah-projekt\literatur\bb\updatebook.cfm --> hoosier.naples.net /shoahproject/literatur/bb updatebook.cfm
