100.02.16 10:18 B c:\apache\htdocs\shoah-projekt\links\specials\spielberg\1sz970127.html --> hoosier.naples.net /shoahproject/links/specials/spielberg 1sz970127.html
100.02.16 10:18 B c:\apache\htdocs\shoah-projekt\links\specials\spielberg\2sz970127.html --> hoosier.naples.net /shoahproject/links/specials/spielberg 2sz970127.html
100.02.16 10:18 B c:\apache\htdocs\shoah-projekt\links\specials\spielberg\about.html --> hoosier.naples.net /shoahproject/links/specials/spielberg about.html
100.02.16 10:18 B c:\apache\htdocs\shoah-projekt\links\specials\spielberg\prtraitstory01.html --> hoosier.naples.net /shoahproject/links/specials/spielberg prtraitstory01.html
100.02.16 10:18 B c:\apache\htdocs\shoah-projekt\links\specials\spielberg\schindlerswitwe.htm --> hoosier.naples.net /shoahproject/links/specials/spielberg schindlerswitwe.htm
100.02.16 10:18 B c:\apache\htdocs\shoah-projekt\links\specials\spielberg\shspielberg.htm --> hoosier.naples.net /shoahproject/links/specials/spielberg shspielberg.htm
100.02.16 10:18 B c:\apache\htdocs\shoah-projekt\links\specials\spielberg\uebersicht.html --> hoosier.naples.net /shoahproject/links/specials/spielberg uebersicht.html
100.02.16 10:19 B c:\apache\htdocs\shoah-projekt\links\specials\spielberg\welt980912.html --> hoosier.naples.net /shoahproject/links/specials/spielberg welt980912.html
100.02.16 10:19 B c:\apache\htdocs\shoah-projekt\links\specials\spielberg\welt990211.htm --> hoosier.naples.net /shoahproject/links/specials/spielberg welt990211.htm
100.02.16 10:19 B c:\apache\htdocs\shoah-projekt\links\specials\spielberg\welt990213.htm --> hoosier.naples.net /shoahproject/links/specials/spielberg welt990213.htm
100.02.16 10:19 B c:\apache\htdocs\shoah-projekt\links\specials\spielberg\zuBesuch981128.html --> hoosier.naples.net /shoahproject/links/specials/spielberg zuBesuch981128.html
100.02.18 07:37 B c:\apache\htdocs\shoah-projekt\links\specials\spielberg\1sz970127.html --> hoosier.naples.net /shoahproject/links/specials/spielberg 1sz970127.html
100.02.18 07:37 B c:\apache\htdocs\shoah-projekt\links\specials\spielberg\2sz970127.html --> hoosier.naples.net /shoahproject/links/specials/spielberg 2sz970127.html
100.02.18 07:37 B c:\apache\htdocs\shoah-projekt\links\specials\spielberg\about.html --> hoosier.naples.net /shoahproject/links/specials/spielberg about.html
100.02.18 07:37 B c:\apache\htdocs\shoah-projekt\links\specials\spielberg\prtraitstory01.html --> hoosier.naples.net /shoahproject/links/specials/spielberg prtraitstory01.html
100.02.18 07:37 B c:\apache\htdocs\shoah-projekt\links\specials\spielberg\schindlerswitwe.htm --> hoosier.naples.net /shoahproject/links/specials/spielberg schindlerswitwe.htm
100.02.18 07:37 B c:\apache\htdocs\shoah-projekt\links\specials\spielberg\shspielberg.htm --> hoosier.naples.net /shoahproject/links/specials/spielberg shspielberg.htm
100.02.18 07:37 B c:\apache\htdocs\shoah-projekt\links\specials\spielberg\uebersicht.html --> hoosier.naples.net /shoahproject/links/specials/spielberg uebersicht.html
100.02.18 07:37 B c:\apache\htdocs\shoah-projekt\links\specials\spielberg\welt980912.html --> hoosier.naples.net /shoahproject/links/specials/spielberg welt980912.html
100.02.18 07:37 B c:\apache\htdocs\shoah-projekt\links\specials\spielberg\welt990211.htm --> hoosier.naples.net /shoahproject/links/specials/spielberg welt990211.htm
100.02.18 07:37 B c:\apache\htdocs\shoah-projekt\links\specials\spielberg\welt990213.htm --> hoosier.naples.net /shoahproject/links/specials/spielberg welt990213.htm
