100.02.17 10:27 B c:\apache\htdocs\shoah-projekt\daten\daext.htm --> hoosier.naples.net /shoahproject/daten daext.htm
100.02.17 10:27 B c:\apache\htdocs\shoah-projekt\daten\danavi.htm --> hoosier.naples.net /shoahproject/daten danavi.htm
100.02.17 10:27 B c:\apache\htdocs\shoah-projekt\daten\daten.htm --> hoosier.naples.net /shoahproject/daten daten.htm
100.02.17 10:27 B c:\apache\htdocs\shoah-projekt\daten\shwannensee.htm --> hoosier.naples.net /shoahproject/daten shwannensee.htm
100.02.17 10:27 B c:\apache\htdocs\shoah-projekt\daten\shwannprotokoll.htm --> hoosier.naples.net /shoahproject/daten shwannprotokoll.htm
100.02.17 10:27 B c:\apache\htdocs\shoah-projekt\daten\stefan1.htm --> hoosier.naples.net /shoahproject/daten stefan1.htm
100.02.17 10:27 B c:\apache\htdocs\shoah-projekt\daten\szwehrteichennau.htm --> hoosier.naples.net /shoahproject/daten szwehrteichennau.htm
100.02.17 10:27 B c:\apache\htdocs\shoah-projekt\daten\wannsee1.gif --> hoosier.naples.net /shoahproject/daten wannsee1.gif
100.02.18 04:54 B c:\apache\htdocs\shoah-projekt\daten\daext.htm --> hoosier.naples.net /shoahproject/daten daext.htm
100.02.18 04:54 B c:\apache\htdocs\shoah-projekt\daten\danavi.htm --> hoosier.naples.net /shoahproject/daten danavi.htm
100.02.18 04:54 B c:\apache\htdocs\shoah-projekt\daten\daten.htm --> hoosier.naples.net /shoahproject/daten daten.htm
100.02.18 04:54 B c:\apache\htdocs\shoah-projekt\daten\shwannensee.htm --> hoosier.naples.net /shoahproject/daten shwannensee.htm
100.02.18 04:54 B c:\apache\htdocs\shoah-projekt\daten\shwannprotokoll.htm --> hoosier.naples.net /shoahproject/daten shwannprotokoll.htm
100.02.18 04:54 B c:\apache\htdocs\shoah-projekt\daten\stefan1.htm --> hoosier.naples.net /shoahproject/daten stefan1.htm
100.02.18 04:54 B c:\apache\htdocs\shoah-projekt\daten\szwehrteichennau.htm --> hoosier.naples.net /shoahproject/daten szwehrteichennau.htm
100.02.18 04:54 B c:\apache\htdocs\shoah-projekt\daten\wannsee1.gif --> hoosier.naples.net /shoahproject/daten wannsee1.gif
100.02.18 04:54 B c:\apache\htdocs\shoah-projekt\daten\WS_FTP.LOG --> hoosier.naples.net /shoahproject/daten WS_FTP.LOG
100.02.18 07:09 B c:\apache\htdocs\shoah-projekt\daten\daext.htm --> hoosier.naples.net /shoahproject/daten daext.htm
100.02.18 07:10 B c:\apache\htdocs\shoah-projekt\daten\danavi.htm --> hoosier.naples.net /shoahproject/daten danavi.htm
100.02.18 07:10 B c:\apache\htdocs\shoah-projekt\daten\daten.htm --> hoosier.naples.net /shoahproject/daten daten.htm
100.02.18 07:10 B c:\apache\htdocs\shoah-projekt\daten\shwannensee.htm --> hoosier.naples.net /shoahproject/daten shwannensee.htm
100.02.18 07:10 B c:\apache\htdocs\shoah-projekt\daten\shwannprotokoll.htm --> hoosier.naples.net /shoahproject/daten shwannprotokoll.htm
100.02.18 07:10 B c:\apache\htdocs\shoah-projekt\daten\stefan1.htm --> hoosier.naples.net /shoahproject/daten stefan1.htm
100.02.18 07:10 B c:\apache\htdocs\shoah-projekt\daten\szwehrteichennau.htm --> hoosier.naples.net /shoahproject/daten szwehrteichennau.htm
100.02.18 07:10 B c:\apache\htdocs\shoah-projekt\daten\wannsee1.gif --> hoosier.naples.net /shoahproject/daten wannsee1.gif
