100.02.11 19:04 B c:\apache\htdocs\shoah-projekt\daten\wehrmacht\ausstellung\schluss\1112ku137519.htx --> hoosier.naples.net /shoahproject/daten/wehrmacht/ausstellung/schluss 1112ku137519.htx
100.02.11 19:04 B c:\apache\htdocs\shoah-projekt\daten\wehrmacht\ausstellung\schluss\24973712T.rtf --> hoosier.naples.net /shoahproject/daten/wehrmacht/ausstellung/schluss 24973712T.rtf
100.02.11 19:04 B c:\apache\htdocs\shoah-projekt\daten\wehrmacht\ausstellung\schluss\32057395T.rtf --> hoosier.naples.net /shoahproject/daten/wehrmacht/ausstellung/schluss 32057395T.rtf
100.02.11 19:04 B c:\apache\htdocs\shoah-projekt\daten\wehrmacht\ausstellung\schluss\feuill_a.htm --> hoosier.naples.net /shoahproject/daten/wehrmacht/ausstellung/schluss feuill_a.htm
100.02.11 19:04 B c:\apache\htdocs\shoah-projekt\daten\wehrmacht\ausstellung\schluss\feuill_b.htm --> hoosier.naples.net /shoahproject/daten/wehrmacht/ausstellung/schluss feuill_b.htm
100.02.11 19:04 B c:\apache\htdocs\shoah-projekt\daten\wehrmacht\ausstellung\schluss\schluss.html --> hoosier.naples.net /shoahproject/daten/wehrmacht/ausstellung/schluss schluss.html
100.02.11 19:04 B c:\apache\htdocs\shoah-projekt\daten\wehrmacht\ausstellung\schluss\sp991025heer.html --> hoosier.naples.net /shoahproject/daten/wehrmacht/ausstellung/schluss sp991025heer.html
100.02.11 19:04 B c:\apache\htdocs\shoah-projekt\daten\wehrmacht\ausstellung\schluss\sp991103.htm --> hoosier.naples.net /shoahproject/daten/wehrmacht/ausstellung/schluss sp991103.htm
100.02.11 19:04 B c:\apache\htdocs\shoah-projekt\daten\wehrmacht\ausstellung\schluss\sp991104.htm --> hoosier.naples.net /shoahproject/daten/wehrmacht/ausstellung/schluss sp991104.htm
100.02.11 19:04 B c:\apache\htdocs\shoah-projekt\daten\wehrmacht\ausstellung\schluss\sp991104back.htm --> hoosier.naples.net /shoahproject/daten/wehrmacht/ausstellung/schluss sp991104back.htm
100.02.11 19:04 B c:\apache\htdocs\shoah-projekt\daten\wehrmacht\ausstellung\schluss\sp991106all.html --> hoosier.naples.net /shoahproject/daten/wehrmacht/ausstellung/schluss sp991106all.html
100.02.11 19:05 B c:\apache\htdocs\shoah-projekt\daten\wehrmacht\ausstellung\schluss\sz001125musialfeuill_a.htm --> hoosier.naples.net /shoahproject/daten/wehrmacht/ausstellung/schluss sz001125musialfeuill_a.htm
100.02.11 19:05 B c:\apache\htdocs\shoah-projekt\daten\wehrmacht\ausstellung\schluss\sz991105.html --> hoosier.naples.net /shoahproject/daten/wehrmacht/ausstellung/schluss sz991105.html
100.02.11 19:05 B c:\apache\htdocs\shoah-projekt\daten\wehrmacht\ausstellung\schluss\sz991105benz.html --> hoosier.naples.net /shoahproject/daten/wehrmacht/ausstellung/schluss sz991105benz.html
100.02.11 19:05 B c:\apache\htdocs\shoah-projekt\daten\wehrmacht\ausstellung\schluss\sz991105prantl.html --> hoosier.naples.net /shoahproject/daten/wehrmacht/ausstellung/schluss sz991105prantl.html
100.02.11 19:05 B c:\apache\htdocs\shoah-projekt\daten\wehrmacht\ausstellung\schluss\sz991129.html --> hoosier.naples.net /shoahproject/daten/wehrmacht/ausstellung/schluss sz991129.html
100.02.11 19:05 B c:\apache\htdocs\shoah-projekt\daten\wehrmacht\ausstellung\schluss\template.htm --> hoosier.naples.net /shoahproject/daten/wehrmacht/ausstellung/schluss template.htm
100.02.18 04:50 B c:\apache\htdocs\shoah-projekt\daten\wehrmacht\ausstellung\schluss\1112ku137519.htx --> hoosier.naples.net /shoahproject/daten/wehrmacht/ausstellung/schluss 1112ku137519.htx
100.02.18 04:50 B c:\apache\htdocs\shoah-projekt\daten\wehrmacht\ausstellung\schluss\24973712T.rtf --> hoosier.naples.net /shoahproject/daten/wehrmacht/ausstellung/schluss 24973712T.rtf
100.02.18 04:50 B c:\apache\htdocs\shoah-projekt\daten\wehrmacht\ausstellung\schluss\32057395T.rtf --> hoosier.naples.net /shoahproject/daten/wehrmacht/ausstellung/schluss 32057395T.rtf
100.02.18 04:50 B c:\apache\htdocs\shoah-projekt\daten\wehrmacht\ausstellung\schluss\feuill_a.htm --> hoosier.naples.net /shoahproject/daten/wehrmacht/ausstellung/schluss feuill_a.htm
100.02.18 04:50 B c:\apache\htdocs\shoah-projekt\daten\wehrmacht\ausstellung\schluss\feuill_b.htm --> hoosier.naples.net /shoahproject/daten/wehrmacht/ausstellung/schluss feuill_b.htm
100.02.18 04:50 B c:\apache\htdocs\shoah-projekt\daten\wehrmacht\ausstellung\schluss\schluss.html --> hoosier.naples.net /shoahproject/daten/wehrmacht/ausstellung/schluss schluss.html
100.02.18 04:50 B c:\apache\htdocs\shoah-projekt\daten\wehrmacht\ausstellung\schluss\sp991025heer.html --> hoosier.naples.net /shoahproject/daten/wehrmacht/ausstellung/schluss sp991025heer.html
100.02.18 04:50 B c:\apache\htdocs\shoah-projekt\daten\wehrmacht\ausstellung\schluss\sp991103.htm --> hoosier.naples.net /shoahproject/daten/wehrmacht/ausstellung/schluss sp991103.htm
100.02.18 04:50 B c:\apache\htdocs\shoah-projekt\daten\wehrmacht\ausstellung\schluss\sp991104.htm --> hoosier.naples.net /shoahproject/daten/wehrmacht/ausstellung/schluss sp991104.htm
100.02.18 04:50 B c:\apache\htdocs\shoah-projekt\daten\wehrmacht\ausstellung\schluss\sp991104back.htm --> hoosier.naples.net /shoahproject/daten/wehrmacht/ausstellung/schluss sp991104back.htm
100.02.18 04:50 B c:\apache\htdocs\shoah-projekt\daten\wehrmacht\ausstellung\schluss\sp991106all.html --> hoosier.naples.net /shoahproject/daten/wehrmacht/ausstellung/schluss sp991106all.html
100.02.18 04:50 B c:\apache\htdocs\shoah-projekt\daten\wehrmacht\ausstellung\schluss\sz001125musialfeuill_a.htm --> hoosier.naples.net /shoahproject/daten/wehrmacht/ausstellung/schluss sz001125musialfeuill_a.htm
100.02.18 04:50 B c:\apache\htdocs\shoah-projekt\daten\wehrmacht\ausstellung\schluss\sz991105.html --> hoosier.naples.net /shoahproject/daten/wehrmacht/ausstellung/schluss sz991105.html
100.02.18 04:50 B c:\apache\htdocs\shoah-projekt\daten\wehrmacht\ausstellung\schluss\sz991105benz.html --> hoosier.naples.net /shoahproject/daten/wehrmacht/ausstellung/schluss sz991105benz.html
100.02.18 04:50 B c:\apache\htdocs\shoah-projekt\daten\wehrmacht\ausstellung\schluss\sz991105prantl.html --> hoosier.naples.net /shoahproject/daten/wehrmacht/ausstellung/schluss sz991105prantl.html
100.02.18 04:51 B c:\apache\htdocs\shoah-projekt\daten\wehrmacht\ausstellung\schluss\sz991129.html --> hoosier.naples.net /shoahproject/daten/wehrmacht/ausstellung/schluss sz991129.html
100.02.18 04:51 B c:\apache\htdocs\shoah-projekt\daten\wehrmacht\ausstellung\schluss\template.htm --> hoosier.naples.net /shoahproject/daten/wehrmacht/ausstellung/schluss template.htm
100.02.18 04:51 B c:\apache\htdocs\shoah-projekt\daten\wehrmacht\ausstellung\schluss\WS_FTP.LOG --> hoosier.naples.net /shoahproject/daten/wehrmacht/ausstellung/schluss WS_FTP.LOG
100.02.18 07:05 B c:\apache\htdocs\shoah-projekt\daten\wehrmacht\ausstellung\schluss\1112ku137519.htx --> hoosier.naples.net /shoahproject/daten/wehrmacht/ausstellung/schluss 1112ku137519.htx
100.02.18 07:06 B c:\apache\htdocs\shoah-projekt\daten\wehrmacht\ausstellung\schluss\24973712T.rtf --> hoosier.naples.net /shoahproject/daten/wehrmacht/ausstellung/schluss 24973712T.rtf
100.02.18 07:06 B c:\apache\htdocs\shoah-projekt\daten\wehrmacht\ausstellung\schluss\32057395T.rtf --> hoosier.naples.net /shoahproject/daten/wehrmacht/ausstellung/schluss 32057395T.rtf
100.02.18 07:06 B c:\apache\htdocs\shoah-projekt\daten\wehrmacht\ausstellung\schluss\feuill_a.htm --> hoosier.naples.net /shoahproject/daten/wehrmacht/ausstellung/schluss feuill_a.htm
100.02.18 07:06 B c:\apache\htdocs\shoah-projekt\daten\wehrmacht\ausstellung\schluss\feuill_b.htm --> hoosier.naples.net /shoahproject/daten/wehrmacht/ausstellung/schluss feuill_b.htm
100.02.18 07:06 B c:\apache\htdocs\shoah-projekt\daten\wehrmacht\ausstellung\schluss\schluss.html --> hoosier.naples.net /shoahproject/daten/wehrmacht/ausstellung/schluss schluss.html
100.02.18 07:06 B c:\apache\htdocs\shoah-projekt\daten\wehrmacht\ausstellung\schluss\sp991025heer.html --> hoosier.naples.net /shoahproject/daten/wehrmacht/ausstellung/schluss sp991025heer.html
100.02.18 07:06 B c:\apache\htdocs\shoah-projekt\daten\wehrmacht\ausstellung\schluss\sp991103.htm --> hoosier.naples.net /shoahproject/daten/wehrmacht/ausstellung/schluss sp991103.htm
100.02.18 07:06 B c:\apache\htdocs\shoah-projekt\daten\wehrmacht\ausstellung\schluss\sp991104.htm --> hoosier.naples.net /shoahproject/daten/wehrmacht/ausstellung/schluss sp991104.htm
100.02.18 07:06 B c:\apache\htdocs\shoah-projekt\daten\wehrmacht\ausstellung\schluss\sp991104back.htm --> hoosier.naples.net /shoahproject/daten/wehrmacht/ausstellung/schluss sp991104back.htm
100.02.18 07:06 B c:\apache\htdocs\shoah-projekt\daten\wehrmacht\ausstellung\schluss\sp991106all.html --> hoosier.naples.net /shoahproject/daten/wehrmacht/ausstellung/schluss sp991106all.html
100.02.18 07:06 B c:\apache\htdocs\shoah-projekt\daten\wehrmacht\ausstellung\schluss\sz001125musialfeuill_a.htm --> hoosier.naples.net /shoahproject/daten/wehrmacht/ausstellung/schluss sz001125musialfeuill_a.htm
100.02.18 07:06 B c:\apache\htdocs\shoah-projekt\daten\wehrmacht\ausstellung\schluss\sz991105.html --> hoosier.naples.net /shoahproject/daten/wehrmacht/ausstellung/schluss sz991105.html
100.02.18 07:06 B c:\apache\htdocs\shoah-projekt\daten\wehrmacht\ausstellung\schluss\sz991105benz.html --> hoosier.naples.net /shoahproject/daten/wehrmacht/ausstellung/schluss sz991105benz.html
100.02.18 07:06 B c:\apache\htdocs\shoah-projekt\daten\wehrmacht\ausstellung\schluss\sz991105prantl.html --> hoosier.naples.net /shoahproject/daten/wehrmacht/ausstellung/schluss sz991105prantl.html
100.02.18 07:06 B c:\apache\htdocs\shoah-projekt\daten\wehrmacht\ausstellung\schluss\sz991129.html --> hoosier.naples.net /shoahproject/daten/wehrmacht/ausstellung/schluss sz991129.html
100.02.18 07:06 B c:\apache\htdocs\shoah-projekt\daten\wehrmacht\ausstellung\schluss\template.htm --> hoosier.naples.net /shoahproject/daten/wehrmacht/ausstellung/schluss template.htm
