100.02.16 10:30 B c:\apache\htdocs\shoah-projekt\literatur\gsp\diestel.html --> hoosier.naples.net /shoahproject/literatur/gsp diestel.html
100.02.16 10:30 B c:\apache\htdocs\shoah-projekt\literatur\gsp\edvardson.html --> hoosier.naples.net /shoahproject/literatur/gsp edvardson.html
100.02.16 10:30 B c:\apache\htdocs\shoah-projekt\literatur\gsp\goldschmidt.html --> hoosier.naples.net /shoahproject/literatur/gsp goldschmidt.html
100.02.16 10:30 B c:\apache\htdocs\shoah-projekt\literatur\gsp\gsp1.htm --> hoosier.naples.net /shoahproject/literatur/gsp gsp1.htm
100.02.16 10:30 B c:\apache\htdocs\shoah-projekt\literatur\gsp\gsp2.htm --> hoosier.naples.net /shoahproject/literatur/gsp gsp2.htm
100.02.16 10:30 B c:\apache\htdocs\shoah-projekt\literatur\gsp\gsp97.htm --> hoosier.naples.net /shoahproject/literatur/gsp gsp97.htm
100.02.16 10:30 B c:\apache\htdocs\shoah-projekt\literatur\gsp\gspamazontest.html --> hoosier.naples.net /shoahproject/literatur/gsp gspamazontest.html
100.02.16 10:30 B c:\apache\htdocs\shoah-projekt\literatur\gsp\gspsz9711.htm --> hoosier.naples.net /shoahproject/literatur/gsp gspsz9711.htm
100.02.16 10:30 B c:\apache\htdocs\shoah-projekt\literatur\gsp\klee.html --> hoosier.naples.net /shoahproject/literatur/gsp klee.html
100.02.16 10:30 B c:\apache\htdocs\shoah-projekt\literatur\gsp\prantl.html --> hoosier.naples.net /shoahproject/literatur/gsp prantl.html
100.02.18 07:49 B c:\apache\htdocs\shoah-projekt\literatur\gsp\diestel.html --> hoosier.naples.net /shoahproject/literatur/gsp diestel.html
100.02.18 07:49 B c:\apache\htdocs\shoah-projekt\literatur\gsp\edvardson.html --> hoosier.naples.net /shoahproject/literatur/gsp edvardson.html
100.02.18 07:49 B c:\apache\htdocs\shoah-projekt\literatur\gsp\goldschmidt.html --> hoosier.naples.net /shoahproject/literatur/gsp goldschmidt.html
100.02.18 07:49 B c:\apache\htdocs\shoah-projekt\literatur\gsp\gsp1.htm --> hoosier.naples.net /shoahproject/literatur/gsp gsp1.htm
100.02.18 07:49 B c:\apache\htdocs\shoah-projekt\literatur\gsp\gsp2.htm --> hoosier.naples.net /shoahproject/literatur/gsp gsp2.htm
100.02.18 07:49 B c:\apache\htdocs\shoah-projekt\literatur\gsp\gsp97.htm --> hoosier.naples.net /shoahproject/literatur/gsp gsp97.htm
100.02.18 07:49 B c:\apache\htdocs\shoah-projekt\literatur\gsp\gspamazontest.html --> hoosier.naples.net /shoahproject/literatur/gsp gspamazontest.html
100.02.18 07:49 B c:\apache\htdocs\shoah-projekt\literatur\gsp\gspsz9711.htm --> hoosier.naples.net /shoahproject/literatur/gsp gspsz9711.htm
100.02.18 07:49 B c:\apache\htdocs\shoah-projekt\literatur\gsp\klee.html --> hoosier.naples.net /shoahproject/literatur/gsp klee.html
100.02.18 07:49 B c:\apache\htdocs\shoah-projekt\literatur\gsp\prantl.html --> hoosier.naples.net /shoahproject/literatur/gsp prantl.html
