99.12.23 07:02 B C:\apache\htdocs\bb\images\0380973464_01_MZZZZZZZ.gif --> hoosier.naples.net /NFNBooks/images 0380973464_01_MZZZZZZZ.gif
99.12.23 07:02 B C:\apache\htdocs\bb\images\0764505068_01_MZZZZZZZ.gif --> hoosier.naples.net /NFNBooks/images 0764505068_01_MZZZZZZZ.gif
99.12.23 07:02 B C:\apache\htdocs\bb\images\0764532022_01_MZZZZZZZ.gif --> hoosier.naples.net /NFNBooks/images 0764532022_01_MZZZZZZZ.gif
99.12.23 07:02 B C:\apache\htdocs\bb\images\0764532197_01_MZZZZZZZ.gif --> hoosier.naples.net /NFNBooks/images 0764532197_01_MZZZZZZZ.gif
99.12.23 07:02 B C:\apache\htdocs\bb\images\0764532618_01_MZZZZZZZ.gif --> hoosier.naples.net /NFNBooks/images 0764532618_01_MZZZZZZZ.gif
99.12.23 07:03 B C:\apache\htdocs\bb\images\0789716399_01_MZZZZZZZ.gif --> hoosier.naples.net /NFNBooks/images 0789716399_01_MZZZZZZZ.gif
99.12.23 07:03 B C:\apache\htdocs\bb\images\078971809X_01_MZZZZZZZ.gif --> hoosier.naples.net /NFNBooks/images 078971809X_01_MZZZZZZZ.gif
99.12.23 07:03 B C:\apache\htdocs\bb\images\0789721325_01_MZZZZZZZ.gif --> hoosier.naples.net /NFNBooks/images 0789721325_01_MZZZZZZZ.gif
99.12.23 07:03 B C:\apache\htdocs\bb\images\0802713432_01_MZZZZZZZ.gif --> hoosier.naples.net /NFNBooks/images 0802713432_01_MZZZZZZZ.gif
99.12.23 07:03 B C:\apache\htdocs\bb\images\100X30-b-logo.gif --> hoosier.naples.net /NFNBooks/images 100X30-b-logo.gif
99.12.23 07:03 B C:\apache\htdocs\bb\images\156205774X_01_MZZZZZZZ.gif --> hoosier.naples.net /NFNBooks/images 156205774X_01_MZZZZZZZ.gif
99.12.23 07:03 B C:\apache\htdocs\bb\images\156205810X_01_MZZZZZZZ.gif --> hoosier.naples.net /NFNBooks/images 156205810X_01_MZZZZZZZ.gif
99.12.23 07:03 B C:\apache\htdocs\bb\images\1565926005_01_MZZZZZZZ.gif --> hoosier.naples.net /NFNBooks/images 1565926005_01_MZZZZZZZ.gif
99.12.23 07:03 B C:\apache\htdocs\bb\images\1568304331_01_MZZZZZZZ.gif --> hoosier.naples.net /NFNBooks/images 1568304331_01_MZZZZZZZ.gif
99.12.23 07:03 B C:\apache\htdocs\bb\images\1888869097_01_MZZZZZZZ.gif --> hoosier.naples.net /NFNBooks/images 1888869097_01_MZZZZZZZ.gif
99.12.23 07:03 B C:\apache\htdocs\bb\images\90X29-b-logo.gif --> hoosier.naples.net /NFNBooks/images 90X29-b-logo.gif
99.12.23 07:03 B C:\apache\htdocs\bb\images\a130X60w.gif --> hoosier.naples.net /NFNBooks/images a130X60w.gif
99.12.23 07:03 B C:\apache\htdocs\bb\images\a150X65w.gif --> hoosier.naples.net /NFNBooks/images a150X65w.gif
99.12.23 07:03 B C:\apache\htdocs\bb\images\bk20.gif --> hoosier.naples.net /NFNBooks/images bk20.gif
99.12.23 07:03 B C:\apache\htdocs\bb\images\edup.gif --> hoosier.naples.net /NFNBooks/images edup.gif
99.12.23 07:03 B C:\apache\htdocs\bb\images\find-books-now-148x50.gif --> hoosier.naples.net /NFNBooks/images find-books-now-148x50.gif
99.12.23 07:03 B C:\apache\htdocs\bb\images\logo-150x20.gif --> hoosier.naples.net /NFNBooks/images logo-150x20.gif
99.12.28 14:49 B c:\apache\htdocs\bb\images\0875847595_01_MZZZZZZZ.gif --> hoosier.naples.net /NFNBooks/images 0875847595_01_MZZZZZZZ.gif
99.12.28 14:51 B c:\apache\htdocs\bb\images\155860569X_01_MZZZZZZZ.gif --> hoosier.naples.net /NFNBooks/images 155860569X_01_MZZZZZZZ.gif
99.12.28 15:21 B c:\apache\htdocs\bb\images\0072121416_01_MZZZZZZZ.gif --> hoosier.naples.net /NFNBooks/images 0072121416_01_MZZZZZZZ.gif
99.12.28 15:26 B c:\apache\htdocs\bb\images\0072121416_01_MZZZZZZZ.gif --> hoosier.naples.net /NFNBooks/images 0072121416_01_MZZZZZZZ.gif
99.12.28 15:37 B c:\apache\htdocs\bb\images\0679444815_01_MZZZZZZZ.gif --> hoosier.naples.net /NFNBooks/images 0679444815_01_MZZZZZZZ.gif
99.12.30 08:14 B c:\apache\htdocs\bb\images\068484267X_01_MZZZZZZZ.gif --> hoosier.naples.net /NFNBooks/images 068484267X_01_MZZZZZZZ.gif
99.12.30 08:47 B c:\apache\htdocs\bb\images\1565926536_01_MZZZZZZZ.gif --> hoosier.naples.net /NFNBooks/images 1565926536_01_MZZZZZZZ.gif
100.01.15 08:47 B c:\apache\htdocs\bb\images\0399145885_01_MZZZZZZZ.gif --> hoosier.naples.net /NFNBooks/images 0399145885_01_MZZZZZZZ.gif
100.01.15 18:10 B c:\apache\htdocs\bb\images\0782124526_01_MZZZZZZZ.gif --> hoosier.naples.net /NFNBooks/images 0782124526_01_MZZZZZZZ.gif
100.01.15 18:11 B c:\apache\htdocs\bb\images\0672316625_01_MZZZZZZZ.gif --> hoosier.naples.net /NFNBooks/images 0672316625_01_MZZZZZZZ.gif
100.01.15 18:11 B c:\apache\htdocs\bb\images\0672316641_01_MZZZZZZZ.gif --> hoosier.naples.net /NFNBooks/images 0672316641_01_MZZZZZZZ.gif
100.01.15 18:19 B c:\apache\htdocs\bb\images\0471195634_01_MZZZZZZZ.gif --> hoosier.naples.net /NFNBooks/images 0471195634_01_MZZZZZZZ.gif
100.01.15 18:21 B c:\apache\htdocs\bb\images\0316693286_01_MZZZZZZZ.gif --> hoosier.naples.net /NFNBooks/images 0316693286_01_MZZZZZZZ.gif
100.01.15 18:22 B c:\apache\htdocs\bb\images\096139210X_01_MZZZZZZZ.gif --> hoosier.naples.net /NFNBooks/images 096139210X_01_MZZZZZZZ.gif
100.02.16 10:21 B c:\apache\htdocs\shoah-projekt\literatur\bb\images\0072121416_01_MZZZZZZZ.gif --> hoosier.naples.net /shoahproject/literatur/bb/images 0072121416_01_MZZZZZZZ.gif
100.02.16 10:21 B c:\apache\htdocs\shoah-projekt\literatur\bb\images\0316693286_01_MZZZZZZZ.gif --> hoosier.naples.net /shoahproject/literatur/bb/images 0316693286_01_MZZZZZZZ.gif
100.02.16 10:21 B c:\apache\htdocs\shoah-projekt\literatur\bb\images\0380973464_01_MZZZZZZZ.gif --> hoosier.naples.net /shoahproject/literatur/bb/images 0380973464_01_MZZZZZZZ.gif
100.02.16 10:21 B c:\apache\htdocs\shoah-projekt\literatur\bb\images\0399145885_01_MZZZZZZZ.gif --> hoosier.naples.net /shoahproject/literatur/bb/images 0399145885_01_MZZZZZZZ.gif
100.02.16 10:21 B c:\apache\htdocs\shoah-projekt\literatur\bb\images\0471195634_01_MZZZZZZZ.gif --> hoosier.naples.net /shoahproject/literatur/bb/images 0471195634_01_MZZZZZZZ.gif
100.02.16 10:21 B c:\apache\htdocs\shoah-projekt\literatur\bb\images\0672316625_01_MZZZZZZZ.gif --> hoosier.naples.net /shoahproject/literatur/bb/images 0672316625_01_MZZZZZZZ.gif
100.02.16 10:22 B c:\apache\htdocs\shoah-projekt\literatur\bb\images\0672316641_01_MZZZZZZZ.gif --> hoosier.naples.net /shoahproject/literatur/bb/images 0672316641_01_MZZZZZZZ.gif
100.02.16 10:22 B c:\apache\htdocs\shoah-projekt\literatur\bb\images\0679444815_01_MZZZZZZZ.gif --> hoosier.naples.net /shoahproject/literatur/bb/images 0679444815_01_MZZZZZZZ.gif
100.02.16 10:23 B c:\apache\htdocs\shoah-projekt\literatur\bb\images\068484267X_01_MZZZZZZZ.gif --> hoosier.naples.net /shoahproject/literatur/bb/images 068484267X_01_MZZZZZZZ.gif
100.02.16 10:23 B c:\apache\htdocs\shoah-projekt\literatur\bb\images\0764505068_01_MZZZZZZZ.gif --> hoosier.naples.net /shoahproject/literatur/bb/images 0764505068_01_MZZZZZZZ.gif
100.02.16 10:23 B c:\apache\htdocs\shoah-projekt\literatur\bb\images\0764532022_01_MZZZZZZZ.gif --> hoosier.naples.net /shoahproject/literatur/bb/images 0764532022_01_MZZZZZZZ.gif
100.02.16 10:23 B c:\apache\htdocs\shoah-projekt\literatur\bb\images\0764532197_01_MZZZZZZZ.gif --> hoosier.naples.net /shoahproject/literatur/bb/images 0764532197_01_MZZZZZZZ.gif
100.02.16 10:23 B c:\apache\htdocs\shoah-projekt\literatur\bb\images\0764532618_01_MZZZZZZZ.gif --> hoosier.naples.net /shoahproject/literatur/bb/images 0764532618_01_MZZZZZZZ.gif
100.02.16 10:23 B c:\apache\htdocs\shoah-projekt\literatur\bb\images\0782124526_01_MZZZZZZZ.gif --> hoosier.naples.net /shoahproject/literatur/bb/images 0782124526_01_MZZZZZZZ.gif
100.02.16 10:23 B c:\apache\htdocs\shoah-projekt\literatur\bb\images\0789716399_01_MZZZZZZZ.gif --> hoosier.naples.net /shoahproject/literatur/bb/images 0789716399_01_MZZZZZZZ.gif
100.02.16 10:23 B c:\apache\htdocs\shoah-projekt\literatur\bb\images\078971809X_01_MZZZZZZZ.gif --> hoosier.naples.net /shoahproject/literatur/bb/images 078971809X_01_MZZZZZZZ.gif
100.02.16 10:23 B c:\apache\htdocs\shoah-projekt\literatur\bb\images\0789718529_01_MZZZZZZZ.gif --> hoosier.naples.net /shoahproject/literatur/bb/images 0789718529_01_MZZZZZZZ.gif
100.02.16 10:23 B c:\apache\htdocs\shoah-projekt\literatur\bb\images\0789721325_01_MZZZZZZZ.gif --> hoosier.naples.net /shoahproject/literatur/bb/images 0789721325_01_MZZZZZZZ.gif
100.02.16 10:23 B c:\apache\htdocs\shoah-projekt\literatur\bb\images\0802713432_01_MZZZZZZZ.gif --> hoosier.naples.net /shoahproject/literatur/bb/images 0802713432_01_MZZZZZZZ.gif
100.02.16 10:23 B c:\apache\htdocs\shoah-projekt\literatur\bb\images\0875847595_01_MZZZZZZZ.gif --> hoosier.naples.net /shoahproject/literatur/bb/images 0875847595_01_MZZZZZZZ.gif
100.02.16 10:23 B c:\apache\htdocs\shoah-projekt\literatur\bb\images\096139210X_01_MZZZZZZZ.gif --> hoosier.naples.net /shoahproject/literatur/bb/images 096139210X_01_MZZZZZZZ.gif
100.02.16 10:23 B c:\apache\htdocs\shoah-projekt\literatur\bb\images\100X30-b-logo.gif --> hoosier.naples.net /shoahproject/literatur/bb/images 100X30-b-logo.gif
100.02.16 10:24 B c:\apache\htdocs\shoah-projekt\literatur\bb\images\155860569X_01_MZZZZZZZ.gif --> hoosier.naples.net /shoahproject/literatur/bb/images 155860569X_01_MZZZZZZZ.gif
100.02.16 10:24 B c:\apache\htdocs\shoah-projekt\literatur\bb\images\156205774X_01_MZZZZZZZ.gif --> hoosier.naples.net /shoahproject/literatur/bb/images 156205774X_01_MZZZZZZZ.gif
100.02.16 10:24 B c:\apache\htdocs\shoah-projekt\literatur\bb\images\156205810X_01_MZZZZZZZ.gif --> hoosier.naples.net /shoahproject/literatur/bb/images 156205810X_01_MZZZZZZZ.gif
100.02.16 10:24 B c:\apache\htdocs\shoah-projekt\literatur\bb\images\1565926005_01_MZZZZZZZ.gif --> hoosier.naples.net /shoahproject/literatur/bb/images 1565926005_01_MZZZZZZZ.gif
100.02.16 10:24 B c:\apache\htdocs\shoah-projekt\literatur\bb\images\1565926536_01_MZZZZZZZ.gif --> hoosier.naples.net /shoahproject/literatur/bb/images 1565926536_01_MZZZZZZZ.gif
100.02.16 10:24 B c:\apache\htdocs\shoah-projekt\literatur\bb\images\1568304331_01_MZZZZZZZ.gif --> hoosier.naples.net /shoahproject/literatur/bb/images 1568304331_01_MZZZZZZZ.gif
100.02.16 10:24 B c:\apache\htdocs\shoah-projekt\literatur\bb\images\1888869097_01_MZZZZZZZ.gif --> hoosier.naples.net /shoahproject/literatur/bb/images 1888869097_01_MZZZZZZZ.gif
100.02.16 10:24 B c:\apache\htdocs\shoah-projekt\literatur\bb\images\90X29-b-logo.gif --> hoosier.naples.net /shoahproject/literatur/bb/images 90X29-b-logo.gif
100.02.16 10:24 B c:\apache\htdocs\shoah-projekt\literatur\bb\images\a130X60w.gif --> hoosier.naples.net /shoahproject/literatur/bb/images a130X60w.gif
100.02.16 10:24 B c:\apache\htdocs\shoah-projekt\literatur\bb\images\a150X65w.gif --> hoosier.naples.net /shoahproject/literatur/bb/images a150X65w.gif
100.02.16 10:24 B c:\apache\htdocs\shoah-projekt\literatur\bb\images\bk20.gif --> hoosier.naples.net /shoahproject/literatur/bb/images bk20.gif
100.02.16 10:24 B c:\apache\htdocs\shoah-projekt\literatur\bb\images\bookreview.gif --> hoosier.naples.net /shoahproject/literatur/bb/images bookreview.gif
100.02.16 10:24 B c:\apache\htdocs\shoah-projekt\literatur\bb\images\bookreview.jpg --> hoosier.naples.net /shoahproject/literatur/bb/images bookreview.jpg
100.02.16 10:24 B c:\apache\htdocs\shoah-projekt\literatur\bb\images\bookreview.psp --> hoosier.naples.net /shoahproject/literatur/bb/images bookreview.psp
100.02.16 10:24 B c:\apache\htdocs\shoah-projekt\literatur\bb\images\cd745.gif --> hoosier.naples.net /shoahproject/literatur/bb/images cd745.gif
100.02.16 10:24 B c:\apache\htdocs\shoah-projekt\literatur\bb\images\edup.gif --> hoosier.naples.net /shoahproject/literatur/bb/images edup.gif
100.02.16 10:24 B c:\apache\htdocs\shoah-projekt\literatur\bb\images\electronics-software.gif --> hoosier.naples.net /shoahproject/literatur/bb/images electronics-software.gif
100.02.16 10:24 B c:\apache\htdocs\shoah-projekt\literatur\bb\images\electronics-software.psp --> hoosier.naples.net /shoahproject/literatur/bb/images electronics-software.psp
100.02.16 10:25 B c:\apache\htdocs\shoah-projekt\literatur\bb\images\find-books-now-148x50.gif --> hoosier.naples.net /shoahproject/literatur/bb/images find-books-now-148x50.gif
100.02.16 10:25 B c:\apache\htdocs\shoah-projekt\literatur\bb\images\logo-150x20.gif --> hoosier.naples.net /shoahproject/literatur/bb/images logo-150x20.gif
100.02.16 10:25 B c:\apache\htdocs\shoah-projekt\literatur\bb\images\logo.psp --> hoosier.naples.net /shoahproject/literatur/bb/images logo.psp
100.02.16 10:25 B c:\apache\htdocs\shoah-projekt\literatur\bb\images\preview-graphics-library.gif --> hoosier.naples.net /shoahproject/literatur/bb/images preview-graphics-library.gif
100.02.16 10:25 B c:\apache\htdocs\shoah-projekt\literatur\bb\images\Sav283.TMP --> hoosier.naples.net /shoahproject/literatur/bb/images Sav283.TMP
100.02.16 10:25 B c:\apache\htdocs\shoah-projekt\literatur\bb\images\test.cfm --> hoosier.naples.net /shoahproject/literatur/bb/images test.cfm
100.02.16 10:25 B c:\apache\htdocs\shoah-projekt\literatur\bb\images\WS_FTP.LOG --> hoosier.naples.net /shoahproject/literatur/bb/images WS_FTP.LOG
100.02.18 07:42 B c:\apache\htdocs\shoah-projekt\literatur\bb\images\0072121416_01_MZZZZZZZ.gif --> hoosier.naples.net /shoahproject/literatur/bb/images 0072121416_01_MZZZZZZZ.gif
100.02.18 07:42 B c:\apache\htdocs\shoah-projekt\literatur\bb\images\0316693286_01_MZZZZZZZ.gif --> hoosier.naples.net /shoahproject/literatur/bb/images 0316693286_01_MZZZZZZZ.gif
100.02.18 07:42 B c:\apache\htdocs\shoah-projekt\literatur\bb\images\0380973464_01_MZZZZZZZ.gif --> hoosier.naples.net /shoahproject/literatur/bb/images 0380973464_01_MZZZZZZZ.gif
100.02.18 07:42 B c:\apache\htdocs\shoah-projekt\literatur\bb\images\0399145885_01_MZZZZZZZ.gif --> hoosier.naples.net /shoahproject/literatur/bb/images 0399145885_01_MZZZZZZZ.gif
100.02.18 07:42 B c:\apache\htdocs\shoah-projekt\literatur\bb\images\0471195634_01_MZZZZZZZ.gif --> hoosier.naples.net /shoahproject/literatur/bb/images 0471195634_01_MZZZZZZZ.gif
100.02.18 07:42 B c:\apache\htdocs\shoah-projekt\literatur\bb\images\0672316625_01_MZZZZZZZ.gif --> hoosier.naples.net /shoahproject/literatur/bb/images 0672316625_01_MZZZZZZZ.gif
100.02.18 07:42 B c:\apache\htdocs\shoah-projekt\literatur\bb\images\0672316641_01_MZZZZZZZ.gif --> hoosier.naples.net /shoahproject/literatur/bb/images 0672316641_01_MZZZZZZZ.gif
100.02.18 07:42 B c:\apache\htdocs\shoah-projekt\literatur\bb\images\0679444815_01_MZZZZZZZ.gif --> hoosier.naples.net /shoahproject/literatur/bb/images 0679444815_01_MZZZZZZZ.gif
100.02.18 07:42 B c:\apache\htdocs\shoah-projekt\literatur\bb\images\068484267X_01_MZZZZZZZ.gif --> hoosier.naples.net /shoahproject/literatur/bb/images 068484267X_01_MZZZZZZZ.gif
100.02.18 07:42 B c:\apache\htdocs\shoah-projekt\literatur\bb\images\0764505068_01_MZZZZZZZ.gif --> hoosier.naples.net /shoahproject/literatur/bb/images 0764505068_01_MZZZZZZZ.gif
100.02.18 07:43 B c:\apache\htdocs\shoah-projekt\literatur\bb\images\0764532022_01_MZZZZZZZ.gif --> hoosier.naples.net /shoahproject/literatur/bb/images 0764532022_01_MZZZZZZZ.gif
100.02.18 07:43 B c:\apache\htdocs\shoah-projekt\literatur\bb\images\0764532197_01_MZZZZZZZ.gif --> hoosier.naples.net /shoahproject/literatur/bb/images 0764532197_01_MZZZZZZZ.gif
100.02.18 07:43 B c:\apache\htdocs\shoah-projekt\literatur\bb\images\0764532618_01_MZZZZZZZ.gif --> hoosier.naples.net /shoahproject/literatur/bb/images 0764532618_01_MZZZZZZZ.gif
100.02.18 07:43 B c:\apache\htdocs\shoah-projekt\literatur\bb\images\0782124526_01_MZZZZZZZ.gif --> hoosier.naples.net /shoahproject/literatur/bb/images 0782124526_01_MZZZZZZZ.gif
100.02.18 07:43 B c:\apache\htdocs\shoah-projekt\literatur\bb\images\0789716399_01_MZZZZZZZ.gif --> hoosier.naples.net /shoahproject/literatur/bb/images 0789716399_01_MZZZZZZZ.gif
100.02.18 07:43 B c:\apache\htdocs\shoah-projekt\literatur\bb\images\078971809X_01_MZZZZZZZ.gif --> hoosier.naples.net /shoahproject/literatur/bb/images 078971809X_01_MZZZZZZZ.gif
100.02.18 07:43 B c:\apache\htdocs\shoah-projekt\literatur\bb\images\0789718529_01_MZZZZZZZ.gif --> hoosier.naples.net /shoahproject/literatur/bb/images 0789718529_01_MZZZZZZZ.gif
100.02.18 07:43 B c:\apache\htdocs\shoah-projekt\literatur\bb\images\0789721325_01_MZZZZZZZ.gif --> hoosier.naples.net /shoahproject/literatur/bb/images 0789721325_01_MZZZZZZZ.gif
100.02.18 07:43 B c:\apache\htdocs\shoah-projekt\literatur\bb\images\0802713432_01_MZZZZZZZ.gif --> hoosier.naples.net /shoahproject/literatur/bb/images 0802713432_01_MZZZZZZZ.gif
100.02.18 07:43 B c:\apache\htdocs\shoah-projekt\literatur\bb\images\0875847595_01_MZZZZZZZ.gif --> hoosier.naples.net /shoahproject/literatur/bb/images 0875847595_01_MZZZZZZZ.gif
100.02.18 07:43 B c:\apache\htdocs\shoah-projekt\literatur\bb\images\096139210X_01_MZZZZZZZ.gif --> hoosier.naples.net /shoahproject/literatur/bb/images 096139210X_01_MZZZZZZZ.gif
100.02.18 07:43 B c:\apache\htdocs\shoah-projekt\literatur\bb\images\100X30-b-logo.gif --> hoosier.naples.net /shoahproject/literatur/bb/images 100X30-b-logo.gif
100.02.18 07:43 B c:\apache\htdocs\shoah-projekt\literatur\bb\images\155860569X_01_MZZZZZZZ.gif --> hoosier.naples.net /shoahproject/literatur/bb/images 155860569X_01_MZZZZZZZ.gif
100.02.18 07:43 B c:\apache\htdocs\shoah-projekt\literatur\bb\images\156205774X_01_MZZZZZZZ.gif --> hoosier.naples.net /shoahproject/literatur/bb/images 156205774X_01_MZZZZZZZ.gif
100.02.18 07:43 B c:\apache\htdocs\shoah-projekt\literatur\bb\images\156205810X_01_MZZZZZZZ.gif --> hoosier.naples.net /shoahproject/literatur/bb/images 156205810X_01_MZZZZZZZ.gif
100.02.18 07:43 B c:\apache\htdocs\shoah-projekt\literatur\bb\images\1565926005_01_MZZZZZZZ.gif --> hoosier.naples.net /shoahproject/literatur/bb/images 1565926005_01_MZZZZZZZ.gif
100.02.18 07:43 B c:\apache\htdocs\shoah-projekt\literatur\bb\images\1565926536_01_MZZZZZZZ.gif --> hoosier.naples.net /shoahproject/literatur/bb/images 1565926536_01_MZZZZZZZ.gif
100.02.18 07:43 B c:\apache\htdocs\shoah-projekt\literatur\bb\images\1568304331_01_MZZZZZZZ.gif --> hoosier.naples.net /shoahproject/literatur/bb/images 1568304331_01_MZZZZZZZ.gif
100.02.18 07:43 B c:\apache\htdocs\shoah-projekt\literatur\bb\images\1888869097_01_MZZZZZZZ.gif --> hoosier.naples.net /shoahproject/literatur/bb/images 1888869097_01_MZZZZZZZ.gif
100.02.18 07:44 B c:\apache\htdocs\shoah-projekt\literatur\bb\images\90X29-b-logo.gif --> hoosier.naples.net /shoahproject/literatur/bb/images 90X29-b-logo.gif
100.02.18 07:44 B c:\apache\htdocs\shoah-projekt\literatur\bb\images\a130X60w.gif --> hoosier.naples.net /shoahproject/literatur/bb/images a130X60w.gif
100.02.18 07:44 B c:\apache\htdocs\shoah-projekt\literatur\bb\images\a150X65w.gif --> hoosier.naples.net /shoahproject/literatur/bb/images a150X65w.gif
100.02.18 07:44 B c:\apache\htdocs\shoah-projekt\literatur\bb\images\bk20.gif --> hoosier.naples.net /shoahproject/literatur/bb/images bk20.gif
100.02.18 07:44 B c:\apache\htdocs\shoah-projekt\literatur\bb\images\bookreview.gif --> hoosier.naples.net /shoahproject/literatur/bb/images bookreview.gif
100.02.18 07:44 B c:\apache\htdocs\shoah-projekt\literatur\bb\images\bookreview.jpg --> hoosier.naples.net /shoahproject/literatur/bb/images bookreview.jpg
100.02.18 07:44 B c:\apache\htdocs\shoah-projekt\literatur\bb\images\bookreview.psp --> hoosier.naples.net /shoahproject/literatur/bb/images bookreview.psp
100.02.18 07:44 B c:\apache\htdocs\shoah-projekt\literatur\bb\images\cd745.gif --> hoosier.naples.net /shoahproject/literatur/bb/images cd745.gif
100.02.18 07:44 B c:\apache\htdocs\shoah-projekt\literatur\bb\images\edup.gif --> hoosier.naples.net /shoahproject/literatur/bb/images edup.gif
100.02.18 07:44 B c:\apache\htdocs\shoah-projekt\literatur\bb\images\electronics-software.gif --> hoosier.naples.net /shoahproject/literatur/bb/images electronics-software.gif
100.02.18 07:44 B c:\apache\htdocs\shoah-projekt\literatur\bb\images\electronics-software.psp --> hoosier.naples.net /shoahproject/literatur/bb/images electronics-software.psp
100.02.18 07:44 B c:\apache\htdocs\shoah-projekt\literatur\bb\images\find-books-now-148x50.gif --> hoosier.naples.net /shoahproject/literatur/bb/images find-books-now-148x50.gif
100.02.18 07:44 B c:\apache\htdocs\shoah-projekt\literatur\bb\images\logo-150x20.gif --> hoosier.naples.net /shoahproject/literatur/bb/images logo-150x20.gif
100.02.18 07:44 B c:\apache\htdocs\shoah-projekt\literatur\bb\images\logo.psp --> hoosier.naples.net /shoahproject/literatur/bb/images logo.psp
100.02.18 07:44 B c:\apache\htdocs\shoah-projekt\literatur\bb\images\preview-graphics-library.gif --> hoosier.naples.net /shoahproject/literatur/bb/images preview-graphics-library.gif
100.02.18 07:44 B c:\apache\htdocs\shoah-projekt\literatur\bb\images\Sav283.TMP --> hoosier.naples.net /shoahproject/literatur/bb/images Sav283.TMP
100.02.18 07:44 B c:\apache\htdocs\shoah-projekt\literatur\bb\images\test.cfm --> hoosier.naples.net /shoahproject/literatur/bb/images test.cfm
