99.07.12 07:44 B c:\shoah-projekt\grafik\wehrmacht\wehrmacht.gif --> webserver.infostar.de /d:/www.shoahproject.org/grafik/wehrmacht wehrmacht.gif
100.02.16 08:56 B c:\apache\htdocs\shoah-projekt\grafik\wehrmacht\Content.jpg --> hoosier.naples.net /shoahproject/grafik/wehrmacht Content.jpg
100.02.16 08:56 B c:\apache\htdocs\shoah-projekt\grafik\wehrmacht\Content1.jpg --> hoosier.naples.net /shoahproject/grafik/wehrmacht Content1.jpg
100.02.16 08:57 B c:\apache\htdocs\shoah-projekt\grafik\wehrmacht\pspbrwse.jbf --> hoosier.naples.net /shoahproject/grafik/wehrmacht pspbrwse.jbf
100.02.16 08:57 B c:\apache\htdocs\shoah-projekt\grafik\wehrmacht\wehrma01.jpg --> hoosier.naples.net /shoahproject/grafik/wehrmacht wehrma01.jpg
100.02.16 08:57 B c:\apache\htdocs\shoah-projekt\grafik\wehrmacht\wehrma02.jpg --> hoosier.naples.net /shoahproject/grafik/wehrmacht wehrma02.jpg
100.02.16 08:57 B c:\apache\htdocs\shoah-projekt\grafik\wehrmacht\wehrma03.jpg --> hoosier.naples.net /shoahproject/grafik/wehrmacht wehrma03.jpg
100.02.16 08:57 B c:\apache\htdocs\shoah-projekt\grafik\wehrmacht\wehrma04.jpg --> hoosier.naples.net /shoahproject/grafik/wehrmacht wehrma04.jpg
100.02.16 08:57 B c:\apache\htdocs\shoah-projekt\grafik\wehrmacht\wehrma06.jpg --> hoosier.naples.net /shoahproject/grafik/wehrmacht wehrma06.jpg
100.02.16 08:57 B c:\apache\htdocs\shoah-projekt\grafik\wehrmacht\wehrma07.jpg --> hoosier.naples.net /shoahproject/grafik/wehrmacht wehrma07.jpg
100.02.16 08:57 B c:\apache\htdocs\shoah-projekt\grafik\wehrmacht\wehrma08.jpg --> hoosier.naples.net /shoahproject/grafik/wehrmacht wehrma08.jpg
100.02.16 08:58 B c:\apache\htdocs\shoah-projekt\grafik\wehrmacht\wehrma09.jpg --> hoosier.naples.net /shoahproject/grafik/wehrmacht wehrma09.jpg
100.02.16 08:58 B c:\apache\htdocs\shoah-projekt\grafik\wehrmacht\wehrma10.jpg --> hoosier.naples.net /shoahproject/grafik/wehrmacht wehrma10.jpg
100.02.16 08:58 B c:\apache\htdocs\shoah-projekt\grafik\wehrmacht\wehrma11.jpg --> hoosier.naples.net /shoahproject/grafik/wehrmacht wehrma11.jpg
100.02.16 08:58 B c:\apache\htdocs\shoah-projekt\grafik\wehrmacht\wehrma12.jpg --> hoosier.naples.net /shoahproject/grafik/wehrmacht wehrma12.jpg
100.02.16 08:58 B c:\apache\htdocs\shoah-projekt\grafik\wehrmacht\wehrma13.jpg --> hoosier.naples.net /shoahproject/grafik/wehrmacht wehrma13.jpg
100.02.16 08:58 B c:\apache\htdocs\shoah-projekt\grafik\wehrmacht\wehrmacht.gif --> hoosier.naples.net /shoahproject/grafik/wehrmacht wehrmacht.gif
100.02.16 08:58 B c:\apache\htdocs\shoah-projekt\grafik\wehrmacht\Wehrmacht_3str.jpg --> hoosier.naples.net /shoahproject/grafik/wehrmacht Wehrmacht_3str.jpg
100.02.16 08:58 B c:\apache\htdocs\shoah-projekt\grafik\wehrmacht\Wehrtitel_klein.gif --> hoosier.naples.net /shoahproject/grafik/wehrmacht Wehrtitel_klein.gif
100.02.16 08:59 B c:\apache\htdocs\shoah-projekt\grafik\wehrmacht\Wehrtitl.gif --> hoosier.naples.net /shoahproject/grafik/wehrmacht Wehrtitl.gif
