100.02.16 10:25 B c:\apache\htdocs\shoah-projekt\literatur\bb\xxx\xaddbookcat.cfm --> hoosier.naples.net /shoahproject/literatur/bb/xxx xaddbookcat.cfm
100.02.16 10:25 B c:\apache\htdocs\shoah-projekt\literatur\bb\xxx\xaddbookcatins.cfm --> hoosier.naples.net /shoahproject/literatur/bb/xxx xaddbookcatins.cfm
100.02.16 10:25 B c:\apache\htdocs\shoah-projekt\literatur\bb\xxx\xaddbookins.cfm --> hoosier.naples.net /shoahproject/literatur/bb/xxx xaddbookins.cfm
100.02.16 10:25 B c:\apache\htdocs\shoah-projekt\literatur\bb\xxx\xaddcat.cfm --> hoosier.naples.net /shoahproject/literatur/bb/xxx xaddcat.cfm
100.02.16 10:25 B c:\apache\htdocs\shoah-projekt\literatur\bb\xxx\xaddcatins.cfm --> hoosier.naples.net /shoahproject/literatur/bb/xxx xaddcatins.cfm
100.02.16 10:26 B c:\apache\htdocs\shoah-projekt\literatur\bb\xxx\xbook2k.mdb --> hoosier.naples.net /shoahproject/literatur/bb/xxx xbook2k.mdb
100.02.16 10:26 B c:\apache\htdocs\shoah-projekt\literatur\bb\xxx\xbrform1.html --> hoosier.naples.net /shoahproject/literatur/bb/xxx xbrform1.html
100.02.16 10:26 B c:\apache\htdocs\shoah-projekt\literatur\bb\xxx\xcat2test.cfm --> hoosier.naples.net /shoahproject/literatur/bb/xxx xcat2test.cfm
100.02.16 10:26 B c:\apache\htdocs\shoah-projekt\literatur\bb\xxx\xcat2test_bak.cfm --> hoosier.naples.net /shoahproject/literatur/bb/xxx xcat2test_bak.cfm
100.02.16 10:26 B c:\apache\htdocs\shoah-projekt\literatur\bb\xxx\xcat3test.cfm --> hoosier.naples.net /shoahproject/literatur/bb/xxx xcat3test.cfm
100.02.16 10:26 B c:\apache\htdocs\shoah-projekt\literatur\bb\xxx\xcatsadd.cfm --> hoosier.naples.net /shoahproject/literatur/bb/xxx xcatsadd.cfm
100.02.16 10:26 B c:\apache\htdocs\shoah-projekt\literatur\bb\xxx\xcattest.cfm --> hoosier.naples.net /shoahproject/literatur/bb/xxx xcattest.cfm
100.02.16 10:26 B c:\apache\htdocs\shoah-projekt\literatur\bb\xxx\xfoot.html --> hoosier.naples.net /shoahproject/literatur/bb/xxx xfoot.html
100.02.16 10:26 B c:\apache\htdocs\shoah-projekt\literatur\bb\xxx\xhead.html --> hoosier.naples.net /shoahproject/literatur/bb/xxx xhead.html
100.02.16 10:26 B c:\apache\htdocs\shoah-projekt\literatur\bb\xxx\xhtmltemplate.cfm --> hoosier.naples.net /shoahproject/literatur/bb/xxx xhtmltemplate.cfm
100.02.16 10:26 B c:\apache\htdocs\shoah-projekt\literatur\bb\xxx\xinsbook.cfm --> hoosier.naples.net /shoahproject/literatur/bb/xxx xinsbook.cfm
100.02.16 10:26 B c:\apache\htdocs\shoah-projekt\literatur\bb\xxx\xinsbook2.cfm --> hoosier.naples.net /shoahproject/literatur/bb/xxx xinsbook2.cfm
100.02.16 10:26 B c:\apache\htdocs\shoah-projekt\literatur\bb\xxx\xinsbooks.cfm --> hoosier.naples.net /shoahproject/literatur/bb/xxx xinsbooks.cfm
100.02.16 10:26 B c:\apache\htdocs\shoah-projekt\literatur\bb\xxx\xinsbooks2.cfm --> hoosier.naples.net /shoahproject/literatur/bb/xxx xinsbooks2.cfm
100.02.16 10:26 B c:\apache\htdocs\shoah-projekt\literatur\bb\xxx\xinsert.cfm --> hoosier.naples.net /shoahproject/literatur/bb/xxx xinsert.cfm
100.02.16 10:26 B c:\apache\htdocs\shoah-projekt\literatur\bb\xxx\xinsertlay.cfm --> hoosier.naples.net /shoahproject/literatur/bb/xxx xinsertlay.cfm
100.02.16 10:26 B c:\apache\htdocs\shoah-projekt\literatur\bb\xxx\xtest2.cfm --> hoosier.naples.net /shoahproject/literatur/bb/xxx xtest2.cfm
100.02.16 10:26 B c:\apache\htdocs\shoah-projekt\literatur\bb\xxx\xtestall.cfm --> hoosier.naples.net /shoahproject/literatur/bb/xxx xtestall.cfm
