100.02.16 10:30 B c:\apache\htdocs\shoah-projekt\literatur\rezens\1933.gif --> hoosier.naples.net /shoahproject/literatur/rezens 1933.gif
100.02.16 10:31 B c:\apache\htdocs\shoah-projekt\literatur\rezens\20jahr.gif --> hoosier.naples.net /shoahproject/literatur/rezens 20jahr.gif
100.02.16 10:31 B c:\apache\htdocs\shoah-projekt\literatur\rezens\cd002a.jpg --> hoosier.naples.net /shoahproject/literatur/rezens cd002a.jpg
100.02.16 10:31 B c:\apache\htdocs\shoah-projekt\literatur\rezens\cd1933.html --> hoosier.naples.net /shoahproject/literatur/rezens cd1933.html
100.02.16 10:31 B c:\apache\htdocs\shoah-projekt\literatur\rezens\cd20jah.htm --> hoosier.naples.net /shoahproject/literatur/rezens cd20jah.htm
100.02.16 10:31 B c:\apache\htdocs\shoah-projekt\literatur\rezens\cdgdv.htm --> hoosier.naples.net /shoahproject/literatur/rezens cdgdv.htm
100.02.16 10:31 B c:\apache\htdocs\shoah-projekt\literatur\rezens\cdhitler.htm --> hoosier.naples.net /shoahproject/literatur/rezens cdhitler.htm
100.02.16 10:31 B c:\apache\htdocs\shoah-projekt\literatur\rezens\cdweisrose.html --> hoosier.naples.net /shoahproject/literatur/rezens cdweisrose.html
100.02.16 10:31 B c:\apache\htdocs\shoah-projekt\literatur\rezens\cdwrose.htm --> hoosier.naples.net /shoahproject/literatur/rezens cdwrose.htm
100.02.16 10:31 B c:\apache\htdocs\shoah-projekt\literatur\rezens\klemperer.htm --> hoosier.naples.net /shoahproject/literatur/rezens klemperer.htm
100.02.16 10:31 B c:\apache\htdocs\shoah-projekt\literatur\rezens\klemperer2.htm --> hoosier.naples.net /shoahproject/literatur/rezens klemperer2.htm
100.02.16 10:31 B c:\apache\htdocs\shoah-projekt\literatur\rezens\koenigs.html --> hoosier.naples.net /shoahproject/literatur/rezens koenigs.html
100.02.16 10:31 B c:\apache\htdocs\shoah-projekt\literatur\rezens\pspbrwse.jbf --> hoosier.naples.net /shoahproject/literatur/rezens pspbrwse.jbf
100.02.16 10:32 B c:\apache\htdocs\shoah-projekt\literatur\rezens\rechtelueg.htm --> hoosier.naples.net /shoahproject/literatur/rezens rechtelueg.htm
100.02.16 10:32 B c:\apache\htdocs\shoah-projekt\literatur\rezens\rez.htm --> hoosier.naples.net /shoahproject/literatur/rezens rez.htm
100.02.18 07:50 B c:\apache\htdocs\shoah-projekt\literatur\rezens\1933.gif --> hoosier.naples.net /shoahproject/literatur/rezens 1933.gif
100.02.18 07:50 B c:\apache\htdocs\shoah-projekt\literatur\rezens\20jahr.gif --> hoosier.naples.net /shoahproject/literatur/rezens 20jahr.gif
100.02.18 07:50 B c:\apache\htdocs\shoah-projekt\literatur\rezens\cd002a.jpg --> hoosier.naples.net /shoahproject/literatur/rezens cd002a.jpg
100.02.18 07:50 B c:\apache\htdocs\shoah-projekt\literatur\rezens\cd1933.html --> hoosier.naples.net /shoahproject/literatur/rezens cd1933.html
100.02.18 07:50 B c:\apache\htdocs\shoah-projekt\literatur\rezens\cd20jah.htm --> hoosier.naples.net /shoahproject/literatur/rezens cd20jah.htm
100.02.18 07:50 B c:\apache\htdocs\shoah-projekt\literatur\rezens\cdgdv.htm --> hoosier.naples.net /shoahproject/literatur/rezens cdgdv.htm
100.02.18 07:50 B c:\apache\htdocs\shoah-projekt\literatur\rezens\cdhitler.htm --> hoosier.naples.net /shoahproject/literatur/rezens cdhitler.htm
100.02.18 07:50 B c:\apache\htdocs\shoah-projekt\literatur\rezens\cdweisrose.html --> hoosier.naples.net /shoahproject/literatur/rezens cdweisrose.html
100.02.18 07:50 B c:\apache\htdocs\shoah-projekt\literatur\rezens\cdwrose.htm --> hoosier.naples.net /shoahproject/literatur/rezens cdwrose.htm
100.02.18 07:50 B c:\apache\htdocs\shoah-projekt\literatur\rezens\klemperer.htm --> hoosier.naples.net /shoahproject/literatur/rezens klemperer.htm
100.02.18 07:50 B c:\apache\htdocs\shoah-projekt\literatur\rezens\klemperer2.htm --> hoosier.naples.net /shoahproject/literatur/rezens klemperer2.htm
100.02.18 07:50 B c:\apache\htdocs\shoah-projekt\literatur\rezens\koenigs.html --> hoosier.naples.net /shoahproject/literatur/rezens koenigs.html
100.02.18 07:50 B c:\apache\htdocs\shoah-projekt\literatur\rezens\pspbrwse.jbf --> hoosier.naples.net /shoahproject/literatur/rezens pspbrwse.jbf
100.02.18 07:50 B c:\apache\htdocs\shoah-projekt\literatur\rezens\rechtelueg.htm --> hoosier.naples.net /shoahproject/literatur/rezens rechtelueg.htm
100.02.18 07:50 B c:\apache\htdocs\shoah-projekt\literatur\rezens\rez.htm --> hoosier.naples.net /shoahproject/literatur/rezens rez.htm
