100.02.11 19:03 B c:\apache\htdocs\shoah-projekt\daten\wehrmacht\ausstellung\fotos\sz991016foto1.html --> hoosier.naples.net /shoahproject/daten/wehrmacht/ausstellung/fotos sz991016foto1.html
100.02.11 19:03 B c:\apache\htdocs\shoah-projekt\daten\wehrmacht\ausstellung\fotos\sz991021foto1.html --> hoosier.naples.net /shoahproject/daten/wehrmacht/ausstellung/fotos sz991021foto1.html
100.02.11 19:03 B c:\apache\htdocs\shoah-projekt\daten\wehrmacht\ausstellung\fotos\sz991023fotobriefe.html --> hoosier.naples.net /shoahproject/daten/wehrmacht/ausstellung/fotos sz991023fotobriefe.html
100.02.11 19:03 B c:\apache\htdocs\shoah-projekt\daten\wehrmacht\ausstellung\fotos\sz991025foto1.html --> hoosier.naples.net /shoahproject/daten/wehrmacht/ausstellung/fotos sz991025foto1.html
100.02.11 19:03 B c:\apache\htdocs\shoah-projekt\daten\wehrmacht\ausstellung\fotos\sz991030fotoheer.html --> hoosier.naples.net /shoahproject/daten/wehrmacht/ausstellung/fotos sz991030fotoheer.html
100.02.11 19:04 B c:\apache\htdocs\shoah-projekt\daten\wehrmacht\ausstellung\fotos\sz991103fotobriefe.html --> hoosier.naples.net /shoahproject/daten/wehrmacht/ausstellung/fotos sz991103fotobriefe.html
100.02.11 19:04 B c:\apache\htdocs\shoah-projekt\daten\wehrmacht\ausstellung\fotos\sz991106fotobriefe.html --> hoosier.naples.net /shoahproject/daten/wehrmacht/ausstellung/fotos sz991106fotobriefe.html
100.02.11 19:04 B c:\apache\htdocs\shoah-projekt\daten\wehrmacht\ausstellung\fotos\tazfotos.html --> hoosier.naples.net /shoahproject/daten/wehrmacht/ausstellung/fotos tazfotos.html
100.02.11 19:04 B c:\apache\htdocs\shoah-projekt\daten\wehrmacht\ausstellung\fotos\wichtig!seite3_a.htm --> hoosier.naples.net /shoahproject/daten/wehrmacht/ausstellung/fotos wichtig!seite3_a.htm
100.02.18 04:49 B c:\apache\htdocs\shoah-projekt\daten\wehrmacht\ausstellung\fotos\sz991016foto1.html --> hoosier.naples.net /shoahproject/daten/wehrmacht/ausstellung/fotos sz991016foto1.html
100.02.18 04:49 B c:\apache\htdocs\shoah-projekt\daten\wehrmacht\ausstellung\fotos\sz991021foto1.html --> hoosier.naples.net /shoahproject/daten/wehrmacht/ausstellung/fotos sz991021foto1.html
100.02.18 04:49 B c:\apache\htdocs\shoah-projekt\daten\wehrmacht\ausstellung\fotos\sz991023fotobriefe.html --> hoosier.naples.net /shoahproject/daten/wehrmacht/ausstellung/fotos sz991023fotobriefe.html
100.02.18 04:50 B c:\apache\htdocs\shoah-projekt\daten\wehrmacht\ausstellung\fotos\sz991025foto1.html --> hoosier.naples.net /shoahproject/daten/wehrmacht/ausstellung/fotos sz991025foto1.html
100.02.18 04:50 B c:\apache\htdocs\shoah-projekt\daten\wehrmacht\ausstellung\fotos\sz991030fotoheer.html --> hoosier.naples.net /shoahproject/daten/wehrmacht/ausstellung/fotos sz991030fotoheer.html
100.02.18 04:50 B c:\apache\htdocs\shoah-projekt\daten\wehrmacht\ausstellung\fotos\sz991103fotobriefe.html --> hoosier.naples.net /shoahproject/daten/wehrmacht/ausstellung/fotos sz991103fotobriefe.html
100.02.18 04:50 B c:\apache\htdocs\shoah-projekt\daten\wehrmacht\ausstellung\fotos\sz991106fotobriefe.html --> hoosier.naples.net /shoahproject/daten/wehrmacht/ausstellung/fotos sz991106fotobriefe.html
100.02.18 04:50 B c:\apache\htdocs\shoah-projekt\daten\wehrmacht\ausstellung\fotos\tazfotos.html --> hoosier.naples.net /shoahproject/daten/wehrmacht/ausstellung/fotos tazfotos.html
100.02.18 04:50 B c:\apache\htdocs\shoah-projekt\daten\wehrmacht\ausstellung\fotos\wichtig!seite3_a.htm --> hoosier.naples.net /shoahproject/daten/wehrmacht/ausstellung/fotos wichtig!seite3_a.htm
100.02.18 04:50 B c:\apache\htdocs\shoah-projekt\daten\wehrmacht\ausstellung\fotos\WS_FTP.LOG --> hoosier.naples.net /shoahproject/daten/wehrmacht/ausstellung/fotos WS_FTP.LOG
100.02.18 07:05 B c:\apache\htdocs\shoah-projekt\daten\wehrmacht\ausstellung\fotos\sz991016foto1.html --> hoosier.naples.net /shoahproject/daten/wehrmacht/ausstellung/fotos sz991016foto1.html
100.02.18 07:05 B c:\apache\htdocs\shoah-projekt\daten\wehrmacht\ausstellung\fotos\sz991021foto1.html --> hoosier.naples.net /shoahproject/daten/wehrmacht/ausstellung/fotos sz991021foto1.html
100.02.18 07:05 B c:\apache\htdocs\shoah-projekt\daten\wehrmacht\ausstellung\fotos\sz991023fotobriefe.html --> hoosier.naples.net /shoahproject/daten/wehrmacht/ausstellung/fotos sz991023fotobriefe.html
100.02.18 07:05 B c:\apache\htdocs\shoah-projekt\daten\wehrmacht\ausstellung\fotos\sz991025foto1.html --> hoosier.naples.net /shoahproject/daten/wehrmacht/ausstellung/fotos sz991025foto1.html
100.02.18 07:05 B c:\apache\htdocs\shoah-projekt\daten\wehrmacht\ausstellung\fotos\sz991030fotoheer.html --> hoosier.naples.net /shoahproject/daten/wehrmacht/ausstellung/fotos sz991030fotoheer.html
100.02.18 07:05 B c:\apache\htdocs\shoah-projekt\daten\wehrmacht\ausstellung\fotos\sz991103fotobriefe.html --> hoosier.naples.net /shoahproject/daten/wehrmacht/ausstellung/fotos sz991103fotobriefe.html
100.02.18 07:05 B c:\apache\htdocs\shoah-projekt\daten\wehrmacht\ausstellung\fotos\sz991106fotobriefe.html --> hoosier.naples.net /shoahproject/daten/wehrmacht/ausstellung/fotos sz991106fotobriefe.html
100.02.18 07:05 B c:\apache\htdocs\shoah-projekt\daten\wehrmacht\ausstellung\fotos\tazfotos.html --> hoosier.naples.net /shoahproject/daten/wehrmacht/ausstellung/fotos tazfotos.html
100.02.18 07:05 B c:\apache\htdocs\shoah-projekt\daten\wehrmacht\ausstellung\fotos\wichtig!seite3_a.htm --> hoosier.naples.net /shoahproject/daten/wehrmacht/ausstellung/fotos wichtig!seite3_a.htm
