100.02.11 19:00 B c:\apache\htdocs\shoah-projekt\daten\doppelmord\dmhttoc.htm --> hoosier.naples.net /shoahproject/daten/doppelmord dmhttoc.htm
100.02.11 19:00 B c:\apache\htdocs\shoah-projekt\daten\doppelmord\dmtitel.htm --> hoosier.naples.net /shoahproject/daten/doppelmord dmtitel.htm
100.02.11 19:01 B c:\apache\htdocs\shoah-projekt\daten\doppelmord\doppelmd.zip --> hoosier.naples.net /shoahproject/daten/doppelmord doppelmd.zip
100.02.11 19:01 B c:\apache\htdocs\shoah-projekt\daten\doppelmord\juden100.htm --> hoosier.naples.net /shoahproject/daten/doppelmord juden100.htm
100.02.11 19:01 B c:\apache\htdocs\shoah-projekt\daten\doppelmord\juden101.htm --> hoosier.naples.net /shoahproject/daten/doppelmord juden101.htm
100.02.11 19:01 B c:\apache\htdocs\shoah-projekt\daten\doppelmord\juden102.htm --> hoosier.naples.net /shoahproject/daten/doppelmord juden102.htm
100.02.11 19:01 B c:\apache\htdocs\shoah-projekt\daten\doppelmord\juden103.htm --> hoosier.naples.net /shoahproject/daten/doppelmord juden103.htm
100.02.11 19:01 B c:\apache\htdocs\shoah-projekt\daten\doppelmord\juden104.htm --> hoosier.naples.net /shoahproject/daten/doppelmord juden104.htm
100.02.11 19:01 B c:\apache\htdocs\shoah-projekt\daten\doppelmord\juden105.htm --> hoosier.naples.net /shoahproject/daten/doppelmord juden105.htm
100.02.11 19:01 B c:\apache\htdocs\shoah-projekt\daten\doppelmord\juden106.htm --> hoosier.naples.net /shoahproject/daten/doppelmord juden106.htm
100.02.11 19:01 B c:\apache\htdocs\shoah-projekt\daten\doppelmord\juden107.htm --> hoosier.naples.net /shoahproject/daten/doppelmord juden107.htm
100.02.18 04:48 B c:\apache\htdocs\shoah-projekt\daten\doppelmord\dmhttoc.htm --> hoosier.naples.net /shoahproject/daten/doppelmord dmhttoc.htm
100.02.18 04:48 B c:\apache\htdocs\shoah-projekt\daten\doppelmord\dmtitel.htm --> hoosier.naples.net /shoahproject/daten/doppelmord dmtitel.htm
100.02.18 04:48 B c:\apache\htdocs\shoah-projekt\daten\doppelmord\doppelmd.zip --> hoosier.naples.net /shoahproject/daten/doppelmord doppelmd.zip
100.02.18 04:48 B c:\apache\htdocs\shoah-projekt\daten\doppelmord\juden100.htm --> hoosier.naples.net /shoahproject/daten/doppelmord juden100.htm
100.02.18 04:48 B c:\apache\htdocs\shoah-projekt\daten\doppelmord\juden101.htm --> hoosier.naples.net /shoahproject/daten/doppelmord juden101.htm
100.02.18 04:48 B c:\apache\htdocs\shoah-projekt\daten\doppelmord\juden102.htm --> hoosier.naples.net /shoahproject/daten/doppelmord juden102.htm
100.02.18 04:48 B c:\apache\htdocs\shoah-projekt\daten\doppelmord\juden103.htm --> hoosier.naples.net /shoahproject/daten/doppelmord juden103.htm
100.02.18 04:48 B c:\apache\htdocs\shoah-projekt\daten\doppelmord\juden104.htm --> hoosier.naples.net /shoahproject/daten/doppelmord juden104.htm
100.02.18 04:48 B c:\apache\htdocs\shoah-projekt\daten\doppelmord\juden105.htm --> hoosier.naples.net /shoahproject/daten/doppelmord juden105.htm
100.02.18 04:48 B c:\apache\htdocs\shoah-projekt\daten\doppelmord\juden106.htm --> hoosier.naples.net /shoahproject/daten/doppelmord juden106.htm
100.02.18 04:49 B c:\apache\htdocs\shoah-projekt\daten\doppelmord\juden107.htm --> hoosier.naples.net /shoahproject/daten/doppelmord juden107.htm
100.02.18 04:49 B c:\apache\htdocs\shoah-projekt\daten\doppelmord\juden108.htm --> hoosier.naples.net /shoahproject/daten/doppelmord juden108.htm
100.02.18 04:49 B c:\apache\htdocs\shoah-projekt\daten\doppelmord\juden109.htm --> hoosier.naples.net /shoahproject/daten/doppelmord juden109.htm
100.02.18 04:49 B c:\apache\htdocs\shoah-projekt\daten\doppelmord\juden110.htm --> hoosier.naples.net /shoahproject/daten/doppelmord juden110.htm
100.02.18 04:49 B c:\apache\htdocs\shoah-projekt\daten\doppelmord\juden111.htm --> hoosier.naples.net /shoahproject/daten/doppelmord juden111.htm
100.02.18 04:49 B c:\apache\htdocs\shoah-projekt\daten\doppelmord\juden112.htm --> hoosier.naples.net /shoahproject/daten/doppelmord juden112.htm
100.02.18 04:49 B c:\apache\htdocs\shoah-projekt\daten\doppelmord\WS_FTP.LOG --> hoosier.naples.net /shoahproject/daten/doppelmord WS_FTP.LOG
100.02.18 07:04 B c:\apache\htdocs\shoah-projekt\daten\doppelmord\dmhttoc.htm --> hoosier.naples.net /shoahproject/daten/doppelmord dmhttoc.htm
100.02.18 07:04 B c:\apache\htdocs\shoah-projekt\daten\doppelmord\dmtitel.htm --> hoosier.naples.net /shoahproject/daten/doppelmord dmtitel.htm
100.02.18 07:04 B c:\apache\htdocs\shoah-projekt\daten\doppelmord\doppelmd.zip --> hoosier.naples.net /shoahproject/daten/doppelmord doppelmd.zip
100.02.18 07:04 B c:\apache\htdocs\shoah-projekt\daten\doppelmord\juden100.htm --> hoosier.naples.net /shoahproject/daten/doppelmord juden100.htm
100.02.18 07:04 B c:\apache\htdocs\shoah-projekt\daten\doppelmord\juden101.htm --> hoosier.naples.net /shoahproject/daten/doppelmord juden101.htm
100.02.18 07:04 B c:\apache\htdocs\shoah-projekt\daten\doppelmord\juden102.htm --> hoosier.naples.net /shoahproject/daten/doppelmord juden102.htm
100.02.18 07:04 B c:\apache\htdocs\shoah-projekt\daten\doppelmord\juden103.htm --> hoosier.naples.net /shoahproject/daten/doppelmord juden103.htm
100.02.18 07:04 B c:\apache\htdocs\shoah-projekt\daten\doppelmord\juden104.htm --> hoosier.naples.net /shoahproject/daten/doppelmord juden104.htm
100.02.18 07:04 B c:\apache\htdocs\shoah-projekt\daten\doppelmord\juden105.htm --> hoosier.naples.net /shoahproject/daten/doppelmord juden105.htm
100.02.18 07:04 B c:\apache\htdocs\shoah-projekt\daten\doppelmord\juden106.htm --> hoosier.naples.net /shoahproject/daten/doppelmord juden106.htm
100.02.18 07:04 B c:\apache\htdocs\shoah-projekt\daten\doppelmord\juden107.htm --> hoosier.naples.net /shoahproject/daten/doppelmord juden107.htm
100.02.18 07:04 B c:\apache\htdocs\shoah-projekt\daten\doppelmord\juden108.htm --> hoosier.naples.net /shoahproject/daten/doppelmord juden108.htm
100.02.18 07:04 B c:\apache\htdocs\shoah-projekt\daten\doppelmord\juden109.htm --> hoosier.naples.net /shoahproject/daten/doppelmord juden109.htm
100.02.18 07:04 B c:\apache\htdocs\shoah-projekt\daten\doppelmord\juden110.htm --> hoosier.naples.net /shoahproject/daten/doppelmord juden110.htm
100.02.18 07:04 B c:\apache\htdocs\shoah-projekt\daten\doppelmord\juden111.htm --> hoosier.naples.net /shoahproject/daten/doppelmord juden111.htm
100.02.18 07:04 B c:\apache\htdocs\shoah-projekt\daten\doppelmord\juden112.htm --> hoosier.naples.net /shoahproject/daten/doppelmord juden112.htm
