99.06.30 22:01 B c:\shoah-projekt\personen\annefrank\afartikel.html --> webserver.infostar.de /d:/www.shoahproject.org/personen/annefrank afartikel.html
99.06.30 22:01 B c:\shoah-projekt\personen\annefrank\afbooks.html --> webserver.infostar.de /d:/www.shoahproject.org/personen/annefrank afbooks.html
99.06.30 22:01 B c:\shoah-projekt\personen\annefrank\aflinks.html --> webserver.infostar.de /d:/www.shoahproject.org/personen/annefrank aflinks.html
99.06.30 22:01 B c:\shoah-projekt\personen\annefrank\aflinksall.html --> webserver.infostar.de /d:/www.shoahproject.org/personen/annefrank aflinksall.html
99.06.30 22:01 B c:\shoah-projekt\personen\annefrank\afliteratur.html --> webserver.infostar.de /d:/www.shoahproject.org/personen/annefrank afliteratur.html
99.06.30 22:01 B c:\shoah-projekt\personen\annefrank\aftop.html --> webserver.infostar.de /d:/www.shoahproject.org/personen/annefrank aftop.html
99.06.30 22:01 B c:\shoah-projekt\personen\annefrank\aftopli.html --> webserver.infostar.de /d:/www.shoahproject.org/personen/annefrank aftopli.html
99.06.30 22:01 B c:\shoah-projekt\personen\annefrank\black.htm --> webserver.infostar.de /d:/www.shoahproject.org/personen/annefrank black.htm
99.06.30 22:01 B c:\shoah-projekt\personen\annefrank\bm970114.html --> webserver.infostar.de /d:/www.shoahproject.org/personen/annefrank bm970114.html
99.06.30 22:01 B c:\shoah-projekt\personen\annefrank\hagen_logo3.gif --> webserver.infostar.de /d:/www.shoahproject.org/personen/annefrank hagen_logo3.gif
99.06.30 22:01 B c:\shoah-projekt\personen\annefrank\hartwig.html --> webserver.infostar.de /d:/www.shoahproject.org/personen/annefrank hartwig.html
99.06.30 22:01 B c:\shoah-projekt\personen\annefrank\hc-logo11.gif --> webserver.infostar.de /d:/www.shoahproject.org/personen/annefrank hc-logo11.gif
99.06.30 22:01 B c:\shoah-projekt\personen\annefrank\siafcom1.jpg --> webserver.infostar.de /d:/www.shoahproject.org/personen/annefrank siafcom1.jpg
99.06.30 22:01 B c:\shoah-projekt\personen\annefrank\siafnl.jpg --> webserver.infostar.de /d:/www.shoahproject.org/personen/annefrank siafnl.jpg
99.06.30 22:01 B c:\shoah-projekt\personen\annefrank\sibroadway1.jpg --> webserver.infostar.de /d:/www.shoahproject.org/personen/annefrank sibroadway1.jpg
99.06.30 22:01 B c:\shoah-projekt\personen\annefrank\sidthartwig1.jpg --> webserver.infostar.de /d:/www.shoahproject.org/personen/annefrank sidthartwig1.jpg
99.06.30 22:01 B c:\shoah-projekt\personen\annefrank\sidtnicole1.jpg --> webserver.infostar.de /d:/www.shoahproject.org/personen/annefrank sidtnicole1.jpg
99.06.30 22:01 B c:\shoah-projekt\personen\annefrank\sidtwhs.jpg --> webserver.infostar.de /d:/www.shoahproject.org/personen/annefrank sidtwhs.jpg
99.06.30 22:01 B c:\shoah-projekt\personen\annefrank\sinizkor1.jpg --> webserver.infostar.de /d:/www.shoahproject.org/personen/annefrank sinizkor1.jpg
99.06.30 22:01 B c:\shoah-projekt\personen\annefrank\sz990612.html --> webserver.infostar.de /d:/www.shoahproject.org/personen/annefrank sz990612.html
99.06.30 22:01 B c:\shoah-projekt\personen\annefrank\titelkl.jpg --> webserver.infostar.de /d:/www.shoahproject.org/personen/annefrank titelkl.jpg
99.06.30 22:01 B c:\shoah-projekt\personen\annefrank\vlges.gif --> webserver.infostar.de /d:/www.shoahproject.org/personen/annefrank vlges.gif
99.07.06 10:15 B c:\shoah-projekt\personen\annefrank\afbooks.html --> webserver.infostar.de /d:/www.shoahproject.org/personen/annefrank afbooks.html
99.07.06 10:16 B c:\shoah-projekt\personen\annefrank\aflinks.html --> webserver.infostar.de /d:/www.shoahproject.org/personen/annefrank aflinks.html
99.07.06 10:16 B c:\shoah-projekt\personen\annefrank\aflinksall.html --> webserver.infostar.de /d:/www.shoahproject.org/personen/annefrank aflinksall.html
99.07.06 10:16 B c:\shoah-projekt\personen\annefrank\aftopli.html --> webserver.infostar.de /d:/www.shoahproject.org/personen/annefrank aftopli.html
99.07.06 10:49 B c:\shoah-projekt\personen\annefrank\aflinksall.html --> webserver.infostar.de /d:/www.shoahproject.org/personen/annefrank aflinksall.html
99.07.12 07:29 B c:\shoah-projekt\personen\annefrank\afbooks.html --> webserver.infostar.de /d:/www.shoahproject.org/personen/annefrank afbooks.html
99.07.12 07:32 B c:\shoah-projekt\personen\annefrank\afbooks.html --> webserver.infostar.de /d:/www.shoahproject.org/personen/annefrank afbooks.html
100.02.17 08:15 B c:\apache\htdocs\shoah-projekt\personen\annefrank\afartikel.html --> hoosier.naples.net /shoahproject/personen/annefrank afartikel.html
100.02.17 08:15 B c:\apache\htdocs\shoah-projekt\personen\annefrank\afbooks.html --> hoosier.naples.net /shoahproject/personen/annefrank afbooks.html
100.02.17 08:15 B c:\apache\htdocs\shoah-projekt\personen\annefrank\aflinks.html --> hoosier.naples.net /shoahproject/personen/annefrank aflinks.html
100.02.17 08:16 B c:\apache\htdocs\shoah-projekt\personen\annefrank\aflinksall.html --> hoosier.naples.net /shoahproject/personen/annefrank aflinksall.html
100.02.17 08:16 B c:\apache\htdocs\shoah-projekt\personen\annefrank\afliteratur.html --> hoosier.naples.net /shoahproject/personen/annefrank afliteratur.html
100.02.17 08:16 B c:\apache\htdocs\shoah-projekt\personen\annefrank\aftop.html --> hoosier.naples.net /shoahproject/personen/annefrank aftop.html
100.02.17 08:16 B c:\apache\htdocs\shoah-projekt\personen\annefrank\aftopli.html --> hoosier.naples.net /shoahproject/personen/annefrank aftopli.html
100.02.17 08:16 B c:\apache\htdocs\shoah-projekt\personen\annefrank\black.htm --> hoosier.naples.net /shoahproject/personen/annefrank black.htm
100.02.17 08:16 B c:\apache\htdocs\shoah-projekt\personen\annefrank\bm970114.html --> hoosier.naples.net /shoahproject/personen/annefrank bm970114.html
100.02.17 08:16 B c:\apache\htdocs\shoah-projekt\personen\annefrank\hagen_logo3.gif --> hoosier.naples.net /shoahproject/personen/annefrank hagen_logo3.gif
100.02.17 08:16 B c:\apache\htdocs\shoah-projekt\personen\annefrank\hartwig.html --> hoosier.naples.net /shoahproject/personen/annefrank hartwig.html
100.02.17 08:16 B c:\apache\htdocs\shoah-projekt\personen\annefrank\hc-logo11.gif --> hoosier.naples.net /shoahproject/personen/annefrank hc-logo11.gif
100.02.17 08:16 B c:\apache\htdocs\shoah-projekt\personen\annefrank\siafcom1.jpg --> hoosier.naples.net /shoahproject/personen/annefrank siafcom1.jpg
100.02.17 08:16 B c:\apache\htdocs\shoah-projekt\personen\annefrank\siafnl.jpg --> hoosier.naples.net /shoahproject/personen/annefrank siafnl.jpg
100.02.17 08:16 B c:\apache\htdocs\shoah-projekt\personen\annefrank\sibroadway1.jpg --> hoosier.naples.net /shoahproject/personen/annefrank sibroadway1.jpg
100.02.17 08:16 B c:\apache\htdocs\shoah-projekt\personen\annefrank\sidthartwig1.jpg --> hoosier.naples.net /shoahproject/personen/annefrank sidthartwig1.jpg
100.02.17 08:16 B c:\apache\htdocs\shoah-projekt\personen\annefrank\sidtnicole1.jpg --> hoosier.naples.net /shoahproject/personen/annefrank sidtnicole1.jpg
100.02.17 08:16 B c:\apache\htdocs\shoah-projekt\personen\annefrank\sidtwhs.jpg --> hoosier.naples.net /shoahproject/personen/annefrank sidtwhs.jpg
100.02.17 08:16 B c:\apache\htdocs\shoah-projekt\personen\annefrank\sinizkor1.jpg --> hoosier.naples.net /shoahproject/personen/annefrank sinizkor1.jpg
100.02.17 08:16 B c:\apache\htdocs\shoah-projekt\personen\annefrank\sz990612.html --> hoosier.naples.net /shoahproject/personen/annefrank sz990612.html
100.02.17 08:16 B c:\apache\htdocs\shoah-projekt\personen\annefrank\titelkl.jpg --> hoosier.naples.net /shoahproject/personen/annefrank titelkl.jpg
100.02.17 08:16 B c:\apache\htdocs\shoah-projekt\personen\annefrank\vlges.gif --> hoosier.naples.net /shoahproject/personen/annefrank vlges.gif
100.02.17 08:16 B c:\apache\htdocs\shoah-projekt\personen\annefrank\WS_FTP.LOG --> hoosier.naples.net /shoahproject/personen/annefrank WS_FTP.LOG
100.02.18 08:01 B c:\apache\htdocs\shoah-projekt\personen\annefrank\afartikel.html --> hoosier.naples.net /shoahproject/personen/annefrank afartikel.html
100.02.18 08:01 B c:\apache\htdocs\shoah-projekt\personen\annefrank\afbooks.html --> hoosier.naples.net /shoahproject/personen/annefrank afbooks.html
100.02.18 08:01 B c:\apache\htdocs\shoah-projekt\personen\annefrank\aflinks.html --> hoosier.naples.net /shoahproject/personen/annefrank aflinks.html
100.02.18 08:01 B c:\apache\htdocs\shoah-projekt\personen\annefrank\aflinksall.html --> hoosier.naples.net /shoahproject/personen/annefrank aflinksall.html
100.02.18 08:01 B c:\apache\htdocs\shoah-projekt\personen\annefrank\afliteratur.html --> hoosier.naples.net /shoahproject/personen/annefrank afliteratur.html
100.02.18 08:01 B c:\apache\htdocs\shoah-projekt\personen\annefrank\aftop.html --> hoosier.naples.net /shoahproject/personen/annefrank aftop.html
100.02.18 08:01 B c:\apache\htdocs\shoah-projekt\personen\annefrank\aftopli.html --> hoosier.naples.net /shoahproject/personen/annefrank aftopli.html
100.02.18 08:01 B c:\apache\htdocs\shoah-projekt\personen\annefrank\black.htm --> hoosier.naples.net /shoahproject/personen/annefrank black.htm
100.02.18 08:01 B c:\apache\htdocs\shoah-projekt\personen\annefrank\bm970114.html --> hoosier.naples.net /shoahproject/personen/annefrank bm970114.html
100.02.18 08:01 B c:\apache\htdocs\shoah-projekt\personen\annefrank\hagen_logo3.gif --> hoosier.naples.net /shoahproject/personen/annefrank hagen_logo3.gif
100.02.18 08:01 B c:\apache\htdocs\shoah-projekt\personen\annefrank\hartwig.html --> hoosier.naples.net /shoahproject/personen/annefrank hartwig.html
100.02.18 08:01 B c:\apache\htdocs\shoah-projekt\personen\annefrank\hc-logo11.gif --> hoosier.naples.net /shoahproject/personen/annefrank hc-logo11.gif
100.02.18 08:01 B c:\apache\htdocs\shoah-projekt\personen\annefrank\siafcom1.jpg --> hoosier.naples.net /shoahproject/personen/annefrank siafcom1.jpg
100.02.18 08:01 B c:\apache\htdocs\shoah-projekt\personen\annefrank\siafnl.jpg --> hoosier.naples.net /shoahproject/personen/annefrank siafnl.jpg
100.02.18 08:01 B c:\apache\htdocs\shoah-projekt\personen\annefrank\sibroadway1.jpg --> hoosier.naples.net /shoahproject/personen/annefrank sibroadway1.jpg
100.02.18 08:01 B c:\apache\htdocs\shoah-projekt\personen\annefrank\sidthartwig1.jpg --> hoosier.naples.net /shoahproject/personen/annefrank sidthartwig1.jpg
100.02.18 08:01 B c:\apache\htdocs\shoah-projekt\personen\annefrank\sidtnicole1.jpg --> hoosier.naples.net /shoahproject/personen/annefrank sidtnicole1.jpg
100.02.18 08:01 B c:\apache\htdocs\shoah-projekt\personen\annefrank\sidtwhs.jpg --> hoosier.naples.net /shoahproject/personen/annefrank sidtwhs.jpg
100.02.18 08:01 B c:\apache\htdocs\shoah-projekt\personen\annefrank\sinizkor1.jpg --> hoosier.naples.net /shoahproject/personen/annefrank sinizkor1.jpg
100.02.18 08:01 B c:\apache\htdocs\shoah-projekt\personen\annefrank\sz990612.html --> hoosier.naples.net /shoahproject/personen/annefrank sz990612.html
100.02.18 08:01 B c:\apache\htdocs\shoah-projekt\personen\annefrank\titelkl.jpg --> hoosier.naples.net /shoahproject/personen/annefrank titelkl.jpg
100.02.18 08:01 B c:\apache\htdocs\shoah-projekt\personen\annefrank\vlges.gif --> hoosier.naples.net /shoahproject/personen/annefrank vlges.gif
