100.02.11 19:07 B c:\apache\htdocs\shoah-projekt\daten\wehrmacht\debatte\adler3.gif --> hoosier.naples.net /shoahproject/daten/wehrmacht/debatte adler3.gif
100.02.18 04:52 B c:\apache\htdocs\shoah-projekt\daten\wehrmacht\debatte\adler3.gif --> hoosier.naples.net /shoahproject/daten/wehrmacht/debatte adler3.gif
100.02.18 04:52 B c:\apache\htdocs\shoah-projekt\daten\wehrmacht\debatte\debatte1.htm --> hoosier.naples.net /shoahproject/daten/wehrmacht/debatte debatte1.htm
100.02.18 04:52 B c:\apache\htdocs\shoah-projekt\daten\wehrmacht\debatte\debatte10.htm --> hoosier.naples.net /shoahproject/daten/wehrmacht/debatte debatte10.htm
100.02.18 04:52 B c:\apache\htdocs\shoah-projekt\daten\wehrmacht\debatte\debatte11.htm --> hoosier.naples.net /shoahproject/daten/wehrmacht/debatte debatte11.htm
100.02.18 04:52 B c:\apache\htdocs\shoah-projekt\daten\wehrmacht\debatte\debatte12.htm --> hoosier.naples.net /shoahproject/daten/wehrmacht/debatte debatte12.htm
100.02.18 04:52 B c:\apache\htdocs\shoah-projekt\daten\wehrmacht\debatte\debatte13.htm --> hoosier.naples.net /shoahproject/daten/wehrmacht/debatte debatte13.htm
100.02.18 04:52 B c:\apache\htdocs\shoah-projekt\daten\wehrmacht\debatte\debatte14.htm --> hoosier.naples.net /shoahproject/daten/wehrmacht/debatte debatte14.htm
100.02.18 04:52 B c:\apache\htdocs\shoah-projekt\daten\wehrmacht\debatte\debatte15.htm --> hoosier.naples.net /shoahproject/daten/wehrmacht/debatte debatte15.htm
100.02.18 04:52 B c:\apache\htdocs\shoah-projekt\daten\wehrmacht\debatte\debatte2.htm --> hoosier.naples.net /shoahproject/daten/wehrmacht/debatte debatte2.htm
100.02.18 04:52 B c:\apache\htdocs\shoah-projekt\daten\wehrmacht\debatte\debatte3.htm --> hoosier.naples.net /shoahproject/daten/wehrmacht/debatte debatte3.htm
100.02.18 04:52 B c:\apache\htdocs\shoah-projekt\daten\wehrmacht\debatte\debatte4.htm --> hoosier.naples.net /shoahproject/daten/wehrmacht/debatte debatte4.htm
100.02.18 04:52 B c:\apache\htdocs\shoah-projekt\daten\wehrmacht\debatte\debatte5.htm --> hoosier.naples.net /shoahproject/daten/wehrmacht/debatte debatte5.htm
100.02.18 04:52 B c:\apache\htdocs\shoah-projekt\daten\wehrmacht\debatte\debatte6.htm --> hoosier.naples.net /shoahproject/daten/wehrmacht/debatte debatte6.htm
100.02.18 04:52 B c:\apache\htdocs\shoah-projekt\daten\wehrmacht\debatte\debatte7.htm --> hoosier.naples.net /shoahproject/daten/wehrmacht/debatte debatte7.htm
100.02.18 04:52 B c:\apache\htdocs\shoah-projekt\daten\wehrmacht\debatte\debatte8.htm --> hoosier.naples.net /shoahproject/daten/wehrmacht/debatte debatte8.htm
100.02.18 04:52 B c:\apache\htdocs\shoah-projekt\daten\wehrmacht\debatte\debatte9.htm --> hoosier.naples.net /shoahproject/daten/wehrmacht/debatte debatte9.htm
100.02.18 04:52 B c:\apache\htdocs\shoah-projekt\daten\wehrmacht\debatte\debatteindx.htm --> hoosier.naples.net /shoahproject/daten/wehrmacht/debatte debatteindx.htm
100.02.18 04:52 B c:\apache\htdocs\shoah-projekt\daten\wehrmacht\debatte\frartikel.htm --> hoosier.naples.net /shoahproject/daten/wehrmacht/debatte frartikel.htm
100.02.18 04:52 B c:\apache\htdocs\shoah-projekt\daten\wehrmacht\debatte\hamburg.html --> hoosier.naples.net /shoahproject/daten/wehrmacht/debatte hamburg.html
100.02.18 04:52 B c:\apache\htdocs\shoah-projekt\daten\wehrmacht\debatte\hamburg2.html --> hoosier.naples.net /shoahproject/daten/wehrmacht/debatte hamburg2.html
100.02.18 04:52 B c:\apache\htdocs\shoah-projekt\daten\wehrmacht\debatte\hamburg3.html --> hoosier.naples.net /shoahproject/daten/wehrmacht/debatte hamburg3.html
100.02.18 04:52 B c:\apache\htdocs\shoah-projekt\daten\wehrmacht\debatte\taz.html --> hoosier.naples.net /shoahproject/daten/wehrmacht/debatte taz.html
100.02.18 04:52 B c:\apache\htdocs\shoah-projekt\daten\wehrmacht\debatte\welt970418.htm --> hoosier.naples.net /shoahproject/daten/wehrmacht/debatte welt970418.htm
100.02.18 04:52 B c:\apache\htdocs\shoah-projekt\daten\wehrmacht\debatte\WS_FTP.LOG --> hoosier.naples.net /shoahproject/daten/wehrmacht/debatte WS_FTP.LOG
100.02.18 07:07 B c:\apache\htdocs\shoah-projekt\daten\wehrmacht\debatte\adler3.gif --> hoosier.naples.net /shoahproject/daten/wehrmacht/debatte adler3.gif
100.02.18 07:07 B c:\apache\htdocs\shoah-projekt\daten\wehrmacht\debatte\debatte1.htm --> hoosier.naples.net /shoahproject/daten/wehrmacht/debatte debatte1.htm
100.02.18 07:07 B c:\apache\htdocs\shoah-projekt\daten\wehrmacht\debatte\debatte10.htm --> hoosier.naples.net /shoahproject/daten/wehrmacht/debatte debatte10.htm
100.02.18 07:07 B c:\apache\htdocs\shoah-projekt\daten\wehrmacht\debatte\debatte11.htm --> hoosier.naples.net /shoahproject/daten/wehrmacht/debatte debatte11.htm
100.02.18 07:07 B c:\apache\htdocs\shoah-projekt\daten\wehrmacht\debatte\debatte12.htm --> hoosier.naples.net /shoahproject/daten/wehrmacht/debatte debatte12.htm
100.02.18 07:07 B c:\apache\htdocs\shoah-projekt\daten\wehrmacht\debatte\debatte13.htm --> hoosier.naples.net /shoahproject/daten/wehrmacht/debatte debatte13.htm
100.02.18 07:07 B c:\apache\htdocs\shoah-projekt\daten\wehrmacht\debatte\debatte14.htm --> hoosier.naples.net /shoahproject/daten/wehrmacht/debatte debatte14.htm
100.02.18 07:07 B c:\apache\htdocs\shoah-projekt\daten\wehrmacht\debatte\debatte15.htm --> hoosier.naples.net /shoahproject/daten/wehrmacht/debatte debatte15.htm
100.02.18 07:07 B c:\apache\htdocs\shoah-projekt\daten\wehrmacht\debatte\debatte2.htm --> hoosier.naples.net /shoahproject/daten/wehrmacht/debatte debatte2.htm
100.02.18 07:07 B c:\apache\htdocs\shoah-projekt\daten\wehrmacht\debatte\debatte3.htm --> hoosier.naples.net /shoahproject/daten/wehrmacht/debatte debatte3.htm
100.02.18 07:07 B c:\apache\htdocs\shoah-projekt\daten\wehrmacht\debatte\debatte4.htm --> hoosier.naples.net /shoahproject/daten/wehrmacht/debatte debatte4.htm
100.02.18 07:08 B c:\apache\htdocs\shoah-projekt\daten\wehrmacht\debatte\debatte5.htm --> hoosier.naples.net /shoahproject/daten/wehrmacht/debatte debatte5.htm
100.02.18 07:08 B c:\apache\htdocs\shoah-projekt\daten\wehrmacht\debatte\debatte6.htm --> hoosier.naples.net /shoahproject/daten/wehrmacht/debatte debatte6.htm
100.02.18 07:08 B c:\apache\htdocs\shoah-projekt\daten\wehrmacht\debatte\debatte7.htm --> hoosier.naples.net /shoahproject/daten/wehrmacht/debatte debatte7.htm
100.02.18 07:08 B c:\apache\htdocs\shoah-projekt\daten\wehrmacht\debatte\debatte8.htm --> hoosier.naples.net /shoahproject/daten/wehrmacht/debatte debatte8.htm
100.02.18 07:08 B c:\apache\htdocs\shoah-projekt\daten\wehrmacht\debatte\debatte9.htm --> hoosier.naples.net /shoahproject/daten/wehrmacht/debatte debatte9.htm
100.02.18 07:08 B c:\apache\htdocs\shoah-projekt\daten\wehrmacht\debatte\debatteindx.htm --> hoosier.naples.net /shoahproject/daten/wehrmacht/debatte debatteindx.htm
100.02.18 07:08 B c:\apache\htdocs\shoah-projekt\daten\wehrmacht\debatte\frartikel.htm --> hoosier.naples.net /shoahproject/daten/wehrmacht/debatte frartikel.htm
100.02.18 07:08 B c:\apache\htdocs\shoah-projekt\daten\wehrmacht\debatte\hamburg.html --> hoosier.naples.net /shoahproject/daten/wehrmacht/debatte hamburg.html
100.02.18 07:08 B c:\apache\htdocs\shoah-projekt\daten\wehrmacht\debatte\hamburg2.html --> hoosier.naples.net /shoahproject/daten/wehrmacht/debatte hamburg2.html
100.02.18 07:08 B c:\apache\htdocs\shoah-projekt\daten\wehrmacht\debatte\hamburg3.html --> hoosier.naples.net /shoahproject/daten/wehrmacht/debatte hamburg3.html
100.02.18 07:08 B c:\apache\htdocs\shoah-projekt\daten\wehrmacht\debatte\taz.html --> hoosier.naples.net /shoahproject/daten/wehrmacht/debatte taz.html
100.02.18 07:08 B c:\apache\htdocs\shoah-projekt\daten\wehrmacht\debatte\welt970418.htm --> hoosier.naples.net /shoahproject/daten/wehrmacht/debatte welt970418.htm
